
                      Design Compiler Graphical
                            DC Ultra (TM)
                             DFTMAX (TM)
                         Power Compiler (TM)
                           DesignWare (R)
                           DC Expert (TM)
                         Design Vision (TM)
                          HDL Compiler (TM)
                         VHDL Compiler (TM)
                            DFT Compiler
                        Library Compiler (TM)
                         Design Compiler(R)

         Version J-2014.09-SP5-2 for RHEL64 -- Jul 11, 2015
               Copyright (c) 1988-2015 Synopsys, Inc.

This software and the associated documentation are confidential and 
proprietary to Synopsys, Inc. Your use or disclosure of this software 
is subject to the terms and conditions of a written license agreement 
between you, or your company, and Synopsys, Inc.

Initializing...
##############################################
# Setup: fill out the following parameters: name of clock signal, clock period (ns),
# reset signal name (if used), name of top-level module, name of source file
set CLK_NAME "clk";
clk
set CLK_PERIOD 1.10;
1.10
set RST_NAME "reset";
reset
set TOP_MOD_NAME "layer_16_12_1_20";
layer_16_12_1_20
set SRC_FILE "layer_16_12_1_20.sv";
layer_16_12_1_20.sv
###############################################
source setupdc.tcl
NangateOpenCellLibrary_typical.db dw_foundation.sldb
file mkdir work_synth
define_design_lib WORK -path work_synth
1
analyze $SRC_FILE -format sverilog
Running PRESTO HDLC
Searching for ./layer_16_12_1_20.sv
Compiling source file ./layer_16_12_1_20.sv
Presto compilation completed successfully.
Loading db file '/home/home4/pmilder/ese507/synthesis/lib/NangateOpenCellLibrary_typical.db'
Loading db file '/usr/local/synopsys/syn/libraries/syn/dw_foundation.sldb'
1
elaborate -work WORK $TOP_MOD_NAME
Loading db file '/usr/local/synopsys/syn/libraries/syn/gtech.db'
Loading db file '/usr/local/synopsys/syn/libraries/syn/standard.sldb'
  Loading link library 'NangateOpenCellLibrary'
  Loading link library 'gtech'
Running PRESTO HDLC
Warning:  ./layer_16_12_1_20.sv:64: signed to unsigned conversion occurs. (VER-318)
Warning:  ./layer_16_12_1_20.sv:119: signed to unsigned conversion occurs. (VER-318)
Warning:  ./layer_16_12_1_20.sv:138: signed to unsigned conversion occurs. (VER-318)
Warning:  ./layer_16_12_1_20.sv:158: signed to unsigned conversion occurs. (VER-318)
Warning:  ./layer_16_12_1_20.sv:153: signed to unsigned conversion occurs. (VER-318)
Warning:  ./layer_16_12_1_20.sv:225: signed to unsigned conversion occurs. (VER-318)
Warning:  ./layer_16_12_1_20.sv:242: signed to unsigned conversion occurs. (VER-318)
Warning:  ./layer_16_12_1_20.sv:60: unsigned to signed assignment occurs. (VER-318)

Statistics for case statements in always block at line 115 in file
	'./layer_16_12_1_20.sv'
===============================================
|           Line           |  full/ parallel  |
===============================================
|           117            |    auto/auto     |
===============================================

Inferred memory devices in process
	in routine layer_16_12_1_20 line 107 in file
		'./layer_16_12_1_20.sv'.
===============================================================================
|    Register Name    |   Type    | Width | Bus | MB | AR | AS | SR | SS | ST |
===============================================================================
|      state_reg      | Flip-flop |   2   |  Y  | N  | N  | N  | N  | N  | N  |
===============================================================================

Inferred memory devices in process
	in routine layer_16_12_1_20 line 133 in file
		'./layer_16_12_1_20.sv'.
===============================================================================
|    Register Name    |   Type    | Width | Bus | MB | AR | AS | SR | SS | ST |
===============================================================================
|  ram_x_wr_addr_reg  | Flip-flop |   4   |  Y  | N  | N  | N  | N  | N  | N  |
===============================================================================

Inferred memory devices in process
	in routine layer_16_12_1_20 line 146 in file
		'./layer_16_12_1_20.sv'.
===============================================================================
|    Register Name    |   Type    | Width | Bus | MB | AR | AS | SR | SS | ST |
===============================================================================
|  ram_x_rd_addr_reg  | Flip-flop |   4   |  Y  | N  | N  | N  | N  | N  | N  |
|  rom_w_rd_addr_reg  | Flip-flop |   8   |  Y  | N  | N  | N  | N  | N  | N  |
|  rom_b_rd_addr_reg  | Flip-flop |   4   |  Y  | N  | N  | N  | N  | N  | N  |
===============================================================================

Inferred memory devices in process
	in routine layer_16_12_1_20 line 169 in file
		'./layer_16_12_1_20.sv'.
===============================================================================
|    Register Name    |   Type    | Width | Bus | MB | AR | AS | SR | SS | ST |
===============================================================================
|  compute_done_reg   | Flip-flop |   1   |  N  | N  | N  | N  | N  | N  | N  |
|   output_cnt_reg    | Flip-flop |   5   |  Y  | N  | N  | N  | N  | N  | N  |
===============================================================================

Inferred memory devices in process
	in routine layer_16_12_1_20 line 187 in file
		'./layer_16_12_1_20.sv'.
===============================================================================
|    Register Name    |   Type    | Width | Bus | MB | AR | AS | SR | SS | ST |
===============================================================================
|   vld_in_cnt_reg    | Flip-flop |   5   |  Y  | N  | N  | N  | N  | N  | N  |
|    next_req_reg     | Flip-flop |   1   |  N  | N  | N  | N  | N  | N  | N  |
|  mac_valid_in_reg   | Flip-flop |   1   |  N  | N  | N  | N  | N  | N  | N  |
|     vec_cnt_reg     | Flip-flop |   4   |  Y  | N  | N  | N  | N  | N  | N  |
===============================================================================

Inferred memory devices in process
	in routine layer_16_12_1_20 line 220 in file
		'./layer_16_12_1_20.sv'.
===============================================================================
|    Register Name    |   Type    | Width | Bus | MB | AR | AS | SR | SS | ST |
===============================================================================
|   vld_out_cnt_reg   | Flip-flop |   5   |  Y  | N  | N  | N  | N  | N  | N  |
===============================================================================

Inferred memory devices in process
	in routine layer_16_12_1_20 line 233 in file
		'./layer_16_12_1_20.sv'.
===============================================================================
|    Register Name    |   Type    | Width | Bus | MB | AR | AS | SR | SS | ST |
===============================================================================
|    valid_int_reg    | Flip-flop |   1   |  N  | N  | N  | N  | N  | N  | N  |
===============================================================================
Presto compilation completed successfully.
Elaborated 1 design.
Current design is now 'layer_16_12_1_20'.
Information: Building the design 'memory' instantiated from design 'layer_16_12_1_20' with
	the parameters "WIDTH=20,SIZE=12,LOGSIZE=4". (HDL-193)

Inferred memory devices in process
	in routine memory_WIDTH20_SIZE12_LOGSIZE4 line 634 in file
		'./layer_16_12_1_20.sv'.
===============================================================================
|    Register Name    |   Type    | Width | Bus | MB | AR | AS | SR | SS | ST |
===============================================================================
|    data_out_reg     | Flip-flop |  20   |  Y  | N  | N  | N  | N  | N  | N  |
|       mem_reg       | Flip-flop |  20   |  Y  | N  | N  | N  | N  | N  | N  |
|       mem_reg       | Flip-flop |  20   |  Y  | N  | N  | N  | N  | N  | N  |
|       mem_reg       | Flip-flop |  20   |  Y  | N  | N  | N  | N  | N  | N  |
|       mem_reg       | Flip-flop |  20   |  Y  | N  | N  | N  | N  | N  | N  |
|       mem_reg       | Flip-flop |  20   |  Y  | N  | N  | N  | N  | N  | N  |
|       mem_reg       | Flip-flop |  20   |  Y  | N  | N  | N  | N  | N  | N  |
|       mem_reg       | Flip-flop |  20   |  Y  | N  | N  | N  | N  | N  | N  |
|       mem_reg       | Flip-flop |  20   |  Y  | N  | N  | N  | N  | N  | N  |
|       mem_reg       | Flip-flop |  20   |  Y  | N  | N  | N  | N  | N  | N  |
|       mem_reg       | Flip-flop |  20   |  Y  | N  | N  | N  | N  | N  | N  |
|       mem_reg       | Flip-flop |  20   |  Y  | N  | N  | N  | N  | N  | N  |
|       mem_reg       | Flip-flop |  20   |  Y  | N  | N  | N  | N  | N  | N  |
===============================================================================
Presto compilation completed successfully.
Information: Building the design 'layer_16_12_1_20_W_rom_0'. (HDL-193)
Warning:  ./layer_16_12_1_20.sv:261: unsigned to signed assignment occurs. (VER-318)
Warning:  ./layer_16_12_1_20.sv:263: unsigned to signed assignment occurs. (VER-318)
Warning:  ./layer_16_12_1_20.sv:265: unsigned to signed assignment occurs. (VER-318)
Warning:  ./layer_16_12_1_20.sv:266: unsigned to signed assignment occurs. (VER-318)
Warning:  ./layer_16_12_1_20.sv:267: unsigned to signed assignment occurs. (VER-318)
Warning:  ./layer_16_12_1_20.sv:271: unsigned to signed assignment occurs. (VER-318)
Warning:  ./layer_16_12_1_20.sv:272: unsigned to signed assignment occurs. (VER-318)
Warning:  ./layer_16_12_1_20.sv:273: unsigned to signed assignment occurs. (VER-318)
Warning:  ./layer_16_12_1_20.sv:276: unsigned to signed assignment occurs. (VER-318)
Warning:  ./layer_16_12_1_20.sv:279: unsigned to signed assignment occurs. (VER-318)
Warning:  ./layer_16_12_1_20.sv:280: unsigned to signed assignment occurs. (VER-318)
Warning:  ./layer_16_12_1_20.sv:281: unsigned to signed assignment occurs. (VER-318)
Warning:  ./layer_16_12_1_20.sv:284: unsigned to signed assignment occurs. (VER-318)
Warning:  ./layer_16_12_1_20.sv:286: unsigned to signed assignment occurs. (VER-318)
Warning:  ./layer_16_12_1_20.sv:288: unsigned to signed assignment occurs. (VER-318)
Warning:  ./layer_16_12_1_20.sv:289: unsigned to signed assignment occurs. (VER-318)
Warning:  ./layer_16_12_1_20.sv:293: unsigned to signed assignment occurs. (VER-318)
Warning:  ./layer_16_12_1_20.sv:295: unsigned to signed assignment occurs. (VER-318)
Warning:  ./layer_16_12_1_20.sv:299: unsigned to signed assignment occurs. (VER-318)
Warning:  ./layer_16_12_1_20.sv:300: unsigned to signed assignment occurs. (VER-318)
Warning:  ./layer_16_12_1_20.sv:301: unsigned to signed assignment occurs. (VER-318)
Warning:  ./layer_16_12_1_20.sv:306: unsigned to signed assignment occurs. (VER-318)
Warning:  ./layer_16_12_1_20.sv:308: unsigned to signed assignment occurs. (VER-318)
Warning:  ./layer_16_12_1_20.sv:310: unsigned to signed assignment occurs. (VER-318)
Warning:  ./layer_16_12_1_20.sv:312: unsigned to signed assignment occurs. (VER-318)
Warning:  ./layer_16_12_1_20.sv:315: unsigned to signed assignment occurs. (VER-318)
Warning:  ./layer_16_12_1_20.sv:316: unsigned to signed assignment occurs. (VER-318)
Warning:  ./layer_16_12_1_20.sv:317: unsigned to signed assignment occurs. (VER-318)
Warning:  ./layer_16_12_1_20.sv:318: unsigned to signed assignment occurs. (VER-318)
Warning:  ./layer_16_12_1_20.sv:321: unsigned to signed assignment occurs. (VER-318)
Warning:  ./layer_16_12_1_20.sv:322: unsigned to signed assignment occurs. (VER-318)
Warning:  ./layer_16_12_1_20.sv:323: unsigned to signed assignment occurs. (VER-318)
Warning:  ./layer_16_12_1_20.sv:327: unsigned to signed assignment occurs. (VER-318)
Warning:  ./layer_16_12_1_20.sv:333: unsigned to signed assignment occurs. (VER-318)
Warning:  ./layer_16_12_1_20.sv:336: unsigned to signed assignment occurs. (VER-318)
Warning:  ./layer_16_12_1_20.sv:339: unsigned to signed assignment occurs. (VER-318)
Warning:  ./layer_16_12_1_20.sv:342: unsigned to signed assignment occurs. (VER-318)
Warning:  ./layer_16_12_1_20.sv:343: unsigned to signed assignment occurs. (VER-318)
Warning:  ./layer_16_12_1_20.sv:345: unsigned to signed assignment occurs. (VER-318)
Warning:  ./layer_16_12_1_20.sv:348: unsigned to signed assignment occurs. (VER-318)
Warning:  ./layer_16_12_1_20.sv:349: unsigned to signed assignment occurs. (VER-318)
Warning:  ./layer_16_12_1_20.sv:352: unsigned to signed assignment occurs. (VER-318)
Warning:  ./layer_16_12_1_20.sv:354: unsigned to signed assignment occurs. (VER-318)
Warning:  ./layer_16_12_1_20.sv:356: unsigned to signed assignment occurs. (VER-318)
Warning:  ./layer_16_12_1_20.sv:358: unsigned to signed assignment occurs. (VER-318)
Warning:  ./layer_16_12_1_20.sv:359: unsigned to signed assignment occurs. (VER-318)
Warning:  ./layer_16_12_1_20.sv:360: unsigned to signed assignment occurs. (VER-318)
Warning:  ./layer_16_12_1_20.sv:362: unsigned to signed assignment occurs. (VER-318)
Warning:  ./layer_16_12_1_20.sv:363: unsigned to signed assignment occurs. (VER-318)
Warning:  ./layer_16_12_1_20.sv:364: unsigned to signed assignment occurs. (VER-318)
Warning:  ./layer_16_12_1_20.sv:367: unsigned to signed assignment occurs. (VER-318)
Warning:  ./layer_16_12_1_20.sv:368: unsigned to signed assignment occurs. (VER-318)
Warning:  ./layer_16_12_1_20.sv:371: unsigned to signed assignment occurs. (VER-318)
Warning:  ./layer_16_12_1_20.sv:372: unsigned to signed assignment occurs. (VER-318)
Warning:  ./layer_16_12_1_20.sv:374: unsigned to signed assignment occurs. (VER-318)
Warning:  ./layer_16_12_1_20.sv:376: unsigned to signed assignment occurs. (VER-318)
Warning:  ./layer_16_12_1_20.sv:377: unsigned to signed assignment occurs. (VER-318)
Warning:  ./layer_16_12_1_20.sv:379: unsigned to signed assignment occurs. (VER-318)
Warning:  ./layer_16_12_1_20.sv:380: unsigned to signed assignment occurs. (VER-318)
Warning:  ./layer_16_12_1_20.sv:381: unsigned to signed assignment occurs. (VER-318)
Warning:  ./layer_16_12_1_20.sv:383: unsigned to signed assignment occurs. (VER-318)
Warning:  ./layer_16_12_1_20.sv:385: unsigned to signed assignment occurs. (VER-318)
Warning:  ./layer_16_12_1_20.sv:386: unsigned to signed assignment occurs. (VER-318)
Warning:  ./layer_16_12_1_20.sv:387: unsigned to signed assignment occurs. (VER-318)
Warning:  ./layer_16_12_1_20.sv:389: unsigned to signed assignment occurs. (VER-318)
Warning:  ./layer_16_12_1_20.sv:391: unsigned to signed assignment occurs. (VER-318)
Warning:  ./layer_16_12_1_20.sv:396: unsigned to signed assignment occurs. (VER-318)
Warning:  ./layer_16_12_1_20.sv:398: unsigned to signed assignment occurs. (VER-318)
Warning:  ./layer_16_12_1_20.sv:400: unsigned to signed assignment occurs. (VER-318)
Warning:  ./layer_16_12_1_20.sv:405: unsigned to signed assignment occurs. (VER-318)
Warning:  ./layer_16_12_1_20.sv:406: unsigned to signed assignment occurs. (VER-318)
Warning:  ./layer_16_12_1_20.sv:409: unsigned to signed assignment occurs. (VER-318)
Warning:  ./layer_16_12_1_20.sv:410: unsigned to signed assignment occurs. (VER-318)
Warning:  ./layer_16_12_1_20.sv:413: unsigned to signed assignment occurs. (VER-318)
Warning:  ./layer_16_12_1_20.sv:416: unsigned to signed assignment occurs. (VER-318)
Warning:  ./layer_16_12_1_20.sv:418: unsigned to signed assignment occurs. (VER-318)
Warning:  ./layer_16_12_1_20.sv:419: unsigned to signed assignment occurs. (VER-318)
Warning:  ./layer_16_12_1_20.sv:424: unsigned to signed assignment occurs. (VER-318)
Warning:  ./layer_16_12_1_20.sv:425: unsigned to signed assignment occurs. (VER-318)
Warning:  ./layer_16_12_1_20.sv:427: unsigned to signed assignment occurs. (VER-318)
Warning:  ./layer_16_12_1_20.sv:428: unsigned to signed assignment occurs. (VER-318)
Warning:  ./layer_16_12_1_20.sv:430: unsigned to signed assignment occurs. (VER-318)
Warning:  ./layer_16_12_1_20.sv:431: unsigned to signed assignment occurs. (VER-318)
Warning:  ./layer_16_12_1_20.sv:433: unsigned to signed assignment occurs. (VER-318)
Warning:  ./layer_16_12_1_20.sv:434: unsigned to signed assignment occurs. (VER-318)
Warning:  ./layer_16_12_1_20.sv:436: unsigned to signed assignment occurs. (VER-318)
Warning:  ./layer_16_12_1_20.sv:446: unsigned to signed assignment occurs. (VER-318)
Warning:  ./layer_16_12_1_20.sv:448: unsigned to signed assignment occurs. (VER-318)
Warning:  ./layer_16_12_1_20.sv:449: unsigned to signed assignment occurs. (VER-318)
Warning:  ./layer_16_12_1_20.sv:451: unsigned to signed assignment occurs. (VER-318)

Statistics for case statements in always block at line 259 in file
	'./layer_16_12_1_20.sv'
===============================================
|           Line           |  full/ parallel  |
===============================================
|           260            |     no/auto      |
===============================================

Inferred memory devices in process
	in routine layer_16_12_1_20_W_rom_0 line 259 in file
		'./layer_16_12_1_20.sv'.
===============================================================================
|    Register Name    |   Type    | Width | Bus | MB | AR | AS | SR | SS | ST |
===============================================================================
|        z_reg        | Flip-flop |  20   |  Y  | N  | N  | N  | N  | N  | N  |
===============================================================================
Presto compilation completed successfully.
Information: Building the design 'layer_16_12_1_20_B_rom_0'. (HDL-193)
Warning:  ./layer_16_12_1_20.sv:463: unsigned to signed assignment occurs. (VER-318)
Warning:  ./layer_16_12_1_20.sv:464: unsigned to signed assignment occurs. (VER-318)
Warning:  ./layer_16_12_1_20.sv:465: unsigned to signed assignment occurs. (VER-318)
Warning:  ./layer_16_12_1_20.sv:470: unsigned to signed assignment occurs. (VER-318)
Warning:  ./layer_16_12_1_20.sv:472: unsigned to signed assignment occurs. (VER-318)
Warning:  ./layer_16_12_1_20.sv:473: unsigned to signed assignment occurs. (VER-318)
Warning:  ./layer_16_12_1_20.sv:477: unsigned to signed assignment occurs. (VER-318)
Warning:  ./layer_16_12_1_20.sv:478: unsigned to signed assignment occurs. (VER-318)

Statistics for case statements in always block at line 461 in file
	'./layer_16_12_1_20.sv'
===============================================
|           Line           |  full/ parallel  |
===============================================
|           462            |    auto/auto     |
===============================================

Inferred memory devices in process
	in routine layer_16_12_1_20_B_rom_0 line 461 in file
		'./layer_16_12_1_20.sv'.
===============================================================================
|    Register Name    |   Type    | Width | Bus | MB | AR | AS | SR | SS | ST |
===============================================================================
|        z_reg        | Flip-flop |  20   |  Y  | N  | N  | N  | N  | N  | N  |
===============================================================================
Presto compilation completed successfully.
Information: Building the design 'part3_mac' instantiated from design 'layer_16_12_1_20' with
	the parameters "T=20,NUM_S=1,VEC_S=12". (HDL-193)
Warning:  ./layer_16_12_1_20.sv:604: signed to unsigned conversion occurs. (VER-318)
Warning:  ./layer_16_12_1_20.sv:605: signed to unsigned conversion occurs. (VER-318)
Warning:  ./layer_16_12_1_20.sv:524: signed to unsigned conversion occurs. (VER-318)

Inferred memory devices in process
	in routine part3_mac_T20_NUM_S1_VEC_S12 line 559 in file
		'./layer_16_12_1_20.sv'.
===============================================================================
|    Register Name    |   Type    | Width | Bus | MB | AR | AS | SR | SS | ST |
===============================================================================
|    enable_d_reg     | Flip-flop |   1   |  N  | N  | N  | N  | N  | N  | N  |
|      a_int_reg      | Flip-flop |  20   |  Y  | N  | N  | N  | N  | N  | N  |
|      b_int_reg      | Flip-flop |  20   |  Y  | N  | N  | N  | N  | N  | N  |
|      x_int_reg      | Flip-flop |  20   |  Y  | N  | N  | N  | N  | N  | N  |
===============================================================================

Inferred memory devices in process
	in routine part3_mac_T20_NUM_S1_VEC_S12 line 580 in file
		'./layer_16_12_1_20.sv'.
===============================================================================
|    Register Name    |   Type    | Width | Bus | MB | AR | AS | SR | SS | ST |
===============================================================================
|    enable_f_reg     | Flip-flop |   1   |  N  | N  | N  | N  | N  | N  | N  |
|      d_int_reg      | Flip-flop |  20   |  Y  | N  | N  | N  | N  | N  | N  |
===============================================================================

Inferred memory devices in process
	in routine part3_mac_T20_NUM_S1_VEC_S12 line 596 in file
		'./layer_16_12_1_20.sv'.
===============================================================================
|    Register Name    |   Type    | Width | Bus | MB | AR | AS | SR | SS | ST |
===============================================================================
|     vec_cnt_reg     | Flip-flop |   4   |  Y  | N  | N  | N  | N  | N  | N  |
|        f_reg        | Flip-flop |  20   |  Y  | N  | N  | N  | N  | N  | N  |
|    valid_out_reg    | Flip-flop |   1   |  N  | N  | N  | N  | N  | N  | N  |
===============================================================================

Inferred memory devices in process
	in routine part3_mac_T20_NUM_S1_VEC_S12 line 614 in file
		'./layer_16_12_1_20.sv'.
===============================================================================
|    Register Name    |   Type    | Width | Bus | MB | AR | AS | SR | SS | ST |
===============================================================================
|    overflow_reg     | Flip-flop |   1   |  N  | N  | N  | N  | N  | N  | N  |
===============================================================================
Presto compilation completed successfully.
1
###### CLOCKS AND PORTS #######
set CLK_PORT [get_ports $CLK_NAME]
{clk}
set TMP1 [remove_from_collection [all_inputs] $CLK_PORT]
{reset s_valid m_ready data_in[19] data_in[18] data_in[17] data_in[16] data_in[15] data_in[14] data_in[13] data_in[12] data_in[11] data_in[10] data_in[9] data_in[8] data_in[7] data_in[6] data_in[5] data_in[4] data_in[3] data_in[2] data_in[1] data_in[0]}
set INPUTS [remove_from_collection $TMP1 $RST_NAME]
{s_valid m_ready data_in[19] data_in[18] data_in[17] data_in[16] data_in[15] data_in[14] data_in[13] data_in[12] data_in[11] data_in[10] data_in[9] data_in[8] data_in[7] data_in[6] data_in[5] data_in[4] data_in[3] data_in[2] data_in[1] data_in[0]}
create_clock -period $CLK_PERIOD [get_ports clk]
1
# set delay for inputs to be 0.2ns
set_input_delay 0.2 -max -clock clk $INPUTS
1
set_output_delay 0.2 -max -clock clk [all_outputs]
1
###### OPTIMIZATION #######
set_max_area 0 
1
###### RUN #####
compile_ultra
Information: Performing power optimization. (PWR-850)
Alib files are up-to-date.
Information: Evaluating DesignWare library utilization. (UISN-27)

============================================================================
| DesignWare Building Block Library  |         Version         | Available |
============================================================================
| Basic DW Building Blocks           | J-2014.09-DWBB_201409.5.2 |   *     |
| Licensed DW Building Blocks        | J-2014.09-DWBB_201409.5.2 |   *     |
============================================================================

Information: Sequential output inversion is enabled.  SVF file must be used for formal verification. (OPT-1208)

Information: There are 11 potential problems in your design. Please run 'check_design' for more information. (LINT-99)


Loaded alib file './alib-52/NangateOpenCellLibrary_typical.db.alib'
  Building model 'DW01_NAND2'
Information: Ungrouping hierarchy u_vec_x_mem_0 before Pass 1 (OPT-776)
Information: Ungrouping hierarchy u_b_rom_0 before Pass 1 (OPT-776)
Information: Ungrouping hierarchy u_mac_0 before Pass 1 (OPT-776)
Information: Ungrouping 3 of 5 hierarchies before Pass 1 (OPT-775)
Information: State dependent leakage is now switched from on to off.

  Beginning Pass 1 Mapping
  ------------------------
  Processing 'layer_16_12_1_20'
Information: Added key list 'DesignWare' to design 'layer_16_12_1_20'. (DDB-72)
Information: The register 'state_reg[1]' is a constant and will be removed. (OPT-1206)
Information: In design 'layer_16_12_1_20', the register 'u_b_rom_0/z_reg[18]' is removed because it is merged to 'u_b_rom_0/z_reg[19]'. (OPT-1215)
Information: In design 'layer_16_12_1_20', the register 'u_b_rom_0/z_reg[17]' is removed because it is merged to 'u_b_rom_0/z_reg[19]'. (OPT-1215)
Information: In design 'layer_16_12_1_20', the register 'u_b_rom_0/z_reg[16]' is removed because it is merged to 'u_b_rom_0/z_reg[19]'. (OPT-1215)
Information: In design 'layer_16_12_1_20', the register 'u_b_rom_0/z_reg[15]' is removed because it is merged to 'u_b_rom_0/z_reg[19]'. (OPT-1215)
Information: In design 'layer_16_12_1_20', the register 'u_b_rom_0/z_reg[14]' is removed because it is merged to 'u_b_rom_0/z_reg[19]'. (OPT-1215)
Information: In design 'layer_16_12_1_20', the register 'u_b_rom_0/z_reg[13]' is removed because it is merged to 'u_b_rom_0/z_reg[19]'. (OPT-1215)
Information: In design 'layer_16_12_1_20', the register 'u_b_rom_0/z_reg[12]' is removed because it is merged to 'u_b_rom_0/z_reg[19]'. (OPT-1215)
Information: In design 'layer_16_12_1_20', the register 'u_b_rom_0/z_reg[11]' is removed because it is merged to 'u_b_rom_0/z_reg[19]'. (OPT-1215)
Information: In design 'layer_16_12_1_20', the register 'u_b_rom_0/z_reg[10]' is removed because it is merged to 'u_b_rom_0/z_reg[19]'. (OPT-1215)
Information: In design 'layer_16_12_1_20', the register 'u_b_rom_0/z_reg[9]' is removed because it is merged to 'u_b_rom_0/z_reg[19]'. (OPT-1215)
 Implement Synthetic for 'layer_16_12_1_20'.
  Processing 'layer_16_12_1_20_W_rom_0'
Information: In design 'layer_16_12_1_20_W_rom_0', the register 'z_reg[10]' is removed because it is merged to 'z_reg[9]'. (OPT-1215)
Information: In design 'layer_16_12_1_20_W_rom_0', the register 'z_reg[11]' is removed because it is merged to 'z_reg[9]'. (OPT-1215)
Information: In design 'layer_16_12_1_20_W_rom_0', the register 'z_reg[12]' is removed because it is merged to 'z_reg[9]'. (OPT-1215)
Information: In design 'layer_16_12_1_20_W_rom_0', the register 'z_reg[13]' is removed because it is merged to 'z_reg[9]'. (OPT-1215)
Information: In design 'layer_16_12_1_20_W_rom_0', the register 'z_reg[14]' is removed because it is merged to 'z_reg[9]'. (OPT-1215)
Information: In design 'layer_16_12_1_20_W_rom_0', the register 'z_reg[15]' is removed because it is merged to 'z_reg[9]'. (OPT-1215)
Information: In design 'layer_16_12_1_20_W_rom_0', the register 'z_reg[16]' is removed because it is merged to 'z_reg[9]'. (OPT-1215)
Information: In design 'layer_16_12_1_20_W_rom_0', the register 'z_reg[17]' is removed because it is merged to 'z_reg[9]'. (OPT-1215)
Information: In design 'layer_16_12_1_20_W_rom_0', the register 'z_reg[18]' is removed because it is merged to 'z_reg[9]'. (OPT-1215)
Information: In design 'layer_16_12_1_20_W_rom_0', the register 'z_reg[19]' is removed because it is merged to 'z_reg[9]'. (OPT-1215)
 Implement Synthetic for 'layer_16_12_1_20_W_rom_0'.

  Updating timing information
Information: Updating design information... (UID-85)

  Beginning Mapping Optimizations  (Ultra High effort)
  -------------------------------
  Mapping Optimization (Phase 1)

                                  TOTAL                                                
   ELAPSED            WORST NEG   SETUP    DESIGN                              LEAKAGE 
    TIME      AREA      SLACK     COST    RULE COST         ENDPOINT            POWER  
  --------- --------- --------- --------- --------- ------------------------- ---------
    0:00:07    5222.1      0.17       1.7      47.6                           115846.5234
    0:00:07    5221.6      0.17       1.7      47.6                           115832.1641
    0:00:07    5221.6      0.17       1.7      47.6                           115832.1641
    0:00:07    5214.7      0.17       1.7      46.2                           115603.9922
  Re-synthesis Optimization (Phase 1)
  Re-synthesis Optimization (Phase 2)
  Global Optimization (Phase 1)
  Global Optimization (Phase 2)
  Global Optimization (Phase 3)
  Global Optimization (Phase 4)
  Global Optimization (Phase 5)
  Global Optimization (Phase 6)
  Global Optimization (Phase 7)
  Global Optimization (Phase 8)
  Global Optimization (Phase 9)
  Global Optimization (Phase 10)
  Global Optimization (Phase 11)
  Global Optimization (Phase 12)
  Global Optimization (Phase 13)
  Global Optimization (Phase 14)
  Global Optimization (Phase 15)
  Global Optimization (Phase 16)
  Global Optimization (Phase 17)
  Global Optimization (Phase 18)
  Global Optimization (Phase 19)
  Global Optimization (Phase 20)
  Global Optimization (Phase 21)
  Global Optimization (Phase 22)
  Global Optimization (Phase 23)
  Global Optimization (Phase 24)
  Global Optimization (Phase 25)
  Global Optimization (Phase 26)
  Global Optimization (Phase 27)
  Global Optimization (Phase 28)
  Global Optimization (Phase 29)
  Global Optimization (Phase 30)
  Global Optimization (Phase 31)
  Mapping 'layer_16_12_1_20_DW_mult_uns_1'
    0:00:08    4751.8      0.13       0.7       3.6                           97781.1562



  Beginning Delay Optimization Phase
  ----------------------------------

                                  TOTAL                                                
   ELAPSED            WORST NEG   SETUP    DESIGN                              LEAKAGE 
    TIME      AREA      SLACK     COST    RULE COST         ENDPOINT            POWER  
  --------- --------- --------- --------- --------- ------------------------- ---------
    0:00:08    4751.8      0.13       0.7       3.6                           97781.1562
    0:00:08    4751.8      0.13       0.7       3.6                           97781.1562
    0:00:09    4751.8      0.13       0.7       3.6                           97781.1562
    0:00:09    4751.8      0.13       0.7       3.6                           97781.1562
    0:00:09    4768.0      0.11       0.6       3.6                           98385.4766
    0:00:09    4768.0      0.11       0.6       3.6                           98385.4766
    0:00:09    4767.3      0.10       0.6       3.6                           98362.8516
    0:00:09    4767.3      0.10       0.6       3.6                           98362.8516
    0:00:09    4776.3      0.10       0.6       3.6                           98713.8438
    0:00:09    4776.3      0.10       0.6       3.6                           98713.8438
    0:00:10    4910.4      0.04       0.2       3.6                           103328.4844
    0:00:10    4910.4      0.04       0.2       3.6                           103328.4844
    0:00:10    4904.0      0.04       0.2       3.6                           103102.9844

  Beginning Delay Optimization
  ----------------------------
    0:00:11    4892.5      0.03       0.2       3.6                           102765.7891
    0:00:11    4938.8      0.01       0.0       3.6                           104395.2656
    0:00:11    4938.8      0.01       0.0       3.6                           104395.2656
    0:00:12    4948.1      0.00       0.0       3.6                           104763.0469
    0:00:12    4948.1      0.00       0.0       3.6                           104763.0469
    0:00:12    4948.1      0.00       0.0       3.6                           104763.0469
    0:00:12    4948.1      0.00       0.0       3.6                           104763.0469
    0:00:12    4948.1      0.00       0.0       3.6                           104763.0469


  Beginning Design Rule Fixing  (max_capacitance)
  ----------------------------

                                  TOTAL                                                
   ELAPSED            WORST NEG   SETUP    DESIGN                              LEAKAGE 
    TIME      AREA      SLACK     COST    RULE COST         ENDPOINT            POWER  
  --------- --------- --------- --------- --------- ------------------------- ---------
    0:00:12    4948.1      0.00       0.0       3.6                           104763.0469
  Global Optimization (Phase 32)
  Global Optimization (Phase 33)
  Global Optimization (Phase 34)
    0:00:12    4948.7      0.00       0.0       0.0                           104784.2500
    0:00:12    4948.7      0.00       0.0       0.0                           104784.2500

                                  TOTAL                                                
   ELAPSED            WORST NEG   SETUP    DESIGN                              LEAKAGE 
    TIME      AREA      SLACK     COST    RULE COST         ENDPOINT            POWER  
  --------- --------- --------- --------- --------- ------------------------- ---------
    0:00:12    4948.7      0.00       0.0       0.0                           104784.2500
    0:00:12    4937.8      0.00       0.0       0.0                           104425.4219


  Beginning Leakage Power Optimization  (max_leakage_power 0)
  ------------------------------------

                                  TOTAL                                                
   ELAPSED            WORST NEG   SETUP    DESIGN                              LEAKAGE 
    TIME      AREA      SLACK     COST    RULE COST         ENDPOINT            POWER  
  --------- --------- --------- --------- --------- ------------------------- ---------
    0:00:12    4937.8      0.00       0.0       0.0                           104425.4219
  Global Optimization (Phase 35)
  Global Optimization (Phase 36)
  Global Optimization (Phase 37)
  Global Optimization (Phase 38)
  Global Optimization (Phase 39)
  Global Optimization (Phase 40)
  Global Optimization (Phase 41)
  Global Optimization (Phase 42)
  Global Optimization (Phase 43)
  Global Optimization (Phase 44)
  Global Optimization (Phase 45)
  Global Optimization (Phase 46)
  Global Optimization (Phase 47)
  Global Optimization (Phase 48)
    0:00:12    4825.5      0.00       0.0       0.0                           100273.7344
    0:00:12    4825.5      0.00       0.0       0.0                           100273.7344
    0:00:12    4825.5      0.00       0.0       0.0                           100273.7344
    0:00:13    4825.2      0.00       0.0       0.0                           100248.4453
    0:00:13    4825.2      0.00       0.0       0.0                           100248.4453
    0:00:13    4825.2      0.00       0.0       0.0                           100248.4453
    0:00:13    4825.2      0.00       0.0       0.0                           100248.4453
    0:00:13    4825.2      0.00       0.0       0.0                           100248.4453
    0:00:13    4825.2      0.00       0.0       0.0                           100248.4453
    0:00:13    4825.2      0.00       0.0       0.0                           100248.4453
    0:00:13    4825.2      0.00       0.0       0.0                           100248.4453
    0:00:13    4825.2      0.00       0.0       0.0                           100248.4453
    0:00:13    4825.2      0.00       0.0       0.0                           100248.4453
    0:00:13    4825.2      0.00       0.0       0.0                           100248.4453
    0:00:13    4825.2      0.00       0.0       0.0                           100248.4453
    0:00:13    4825.2      0.00       0.0       0.0                           100248.4453
    0:00:13    4825.2      0.00       0.0       0.0                           100248.4453
    0:00:13    4825.2      0.00       0.0       0.0                           100248.4453
    0:00:13    4825.2      0.00       0.0       0.0                           100248.4453
    0:00:13    4825.2      0.00       0.0       0.0                           100248.4453
    0:00:13    4825.2      0.00       0.0       0.0                           100248.4453
    0:00:13    4825.2      0.00       0.0       0.0                           100248.4453

                                  TOTAL                                                
   ELAPSED            WORST NEG   SETUP    DESIGN                              LEAKAGE 
    TIME      AREA      SLACK     COST    RULE COST         ENDPOINT            POWER  
  --------- --------- --------- --------- --------- ------------------------- ---------
    0:00:13    4825.2      0.00       0.0       0.0                           100248.4453
    0:00:13    4821.8      0.00       0.0       0.0                           100079.5391
    0:00:13    4821.8      0.00       0.0       0.0                           100079.5391
    0:00:13    4821.8      0.00       0.0       0.0                           100079.5391
    0:00:13    4821.8      0.00       0.0       0.0                           100079.5391
    0:00:13    4818.1      0.00       0.0       0.0                           99963.2188
    0:00:13    4818.1      0.00       0.0       0.0                           99963.2188
    0:00:13    4816.7      0.00       0.0       0.0                           99898.5156
Loading db file '/home/home4/pmilder/ese507/synthesis/lib/NangateOpenCellLibrary_typical.db'


Note: Symbol # after min delay cost means estimated hold TNS across all active scenarios 


  Optimization Complete
  ---------------------
Information: State dependent leakage is now switched from off to on.
Information: Propagating switching activity (low effort zero delay simulation). (PWR-6)
1
report_area
 
****************************************
Report : area
Design : layer_16_12_1_20
Version: J-2014.09-SP5-2
Date   : Sat Nov 25 16:47:13 2017
****************************************

Information: Updating design information... (UID-85)
Library(s) Used:

    NangateOpenCellLibrary (File: /home/home4/pmilder/ese507/synthesis/lib/NangateOpenCellLibrary_typical.db)

Number of ports:                           46
Number of nets:                          2831
Number of cells:                         2609
Number of combinational cells:           2187
Number of sequential cells:               421
Number of macros/black boxes:               0
Number of buf/inv:                        450
Number of references:                      34

Combinational area:               2866.682011
Buf/Inv area:                      279.566002
Noncombinational area:            1950.045929
Macro/Black Box area:                0.000000
Net Interconnect area:      undefined  (Wire load has zero net area)

Total cell area:                  4816.727941
Total area:                 undefined
1
report_power
 
****************************************
Report : power
        -analysis_effort low
Design : layer_16_12_1_20
Version: J-2014.09-SP5-2
Date   : Sat Nov 25 16:47:13 2017
****************************************


Library(s) Used:

    NangateOpenCellLibrary (File: /home/home4/pmilder/ese507/synthesis/lib/NangateOpenCellLibrary_typical.db)


Operating Conditions: typical   Library: NangateOpenCellLibrary
Wire Load Model Mode: top

Design        Wire Load Model            Library
------------------------------------------------
layer_16_12_1_20       5K_hvratio_1_1    NangateOpenCellLibrary


Global Operating Voltage = 1.1  
Power-specific unit information :
    Voltage Units = 1V
    Capacitance Units = 1.000000ff
    Time Units = 1ns
    Dynamic Power Units = 1uW    (derived from V,C,T units)
    Leakage Power Units = 1nW


  Cell Internal Power  =   2.0593 mW   (92%)
  Net Switching Power  = 172.6171 uW    (8%)
                         ---------
Total Dynamic Power    =   2.2319 mW  (100%)

Cell Leakage Power     =  99.5680 uW


                 Internal         Switching           Leakage            Total
Power Group      Power            Power               Power              Power   (   %    )  Attrs
--------------------------------------------------------------------------------------------------
io_pad             0.0000            0.0000            0.0000            0.0000  (   0.00%)
memory             0.0000            0.0000            0.0000            0.0000  (   0.00%)
black_box          0.0000            0.0000            0.0000            0.0000  (   0.00%)
clock_network      0.0000            0.0000            0.0000            0.0000  (   0.00%)
register       1.9616e+03           27.5237        3.3778e+04        2.0229e+03  (  86.76%)
sequential         0.0000            0.0000            0.0000            0.0000  (   0.00%)
combinational     97.7053          145.0932        6.5790e+04          308.5886  (  13.24%)
--------------------------------------------------------------------------------------------------
Total          2.0593e+03 uW       172.6169 uW     9.9568e+04 nW     2.3315e+03 uW
1
report_timing
 
****************************************
Report : timing
        -path full
        -delay max
        -max_paths 1
Design : layer_16_12_1_20
Version: J-2014.09-SP5-2
Date   : Sat Nov 25 16:47:13 2017
****************************************

Operating Conditions: typical   Library: NangateOpenCellLibrary
Wire Load Model Mode: top

  Startpoint: u_mac_0/a_int_reg[3]
              (rising edge-triggered flip-flop clocked by clk)
  Endpoint: u_mac_0/d_int_reg[19]
            (rising edge-triggered flip-flop clocked by clk)
  Path Group: clk
  Path Type: max

  Des/Clust/Port     Wire Load Model       Library
  ------------------------------------------------
  layer_16_12_1_20   5K_hvratio_1_1        NangateOpenCellLibrary

  Point                                    Incr       Path
  -----------------------------------------------------------
  clock clk (rise edge)                    0.00       0.00
  clock network delay (ideal)              0.00       0.00
  u_mac_0/a_int_reg[3]/CK (DFF_X1)         0.00       0.00 r
  u_mac_0/a_int_reg[3]/QN (DFF_X1)         0.15       0.15 r
  U1669/ZN (NOR2_X1)                       0.05       0.19 f
  U1777/CO (FA_X1)                         0.11       0.30 f
  U1781/ZN (XNOR2_X1)                      0.06       0.36 f
  U1783/ZN (XNOR2_X1)                      0.07       0.43 r
  U1784/ZN (XNOR2_X1)                      0.07       0.51 r
  U1786/ZN (XNOR2_X1)                      0.07       0.58 r
  U1795/ZN (NOR2_X1)                       0.03       0.60 f
  U1262/ZN (OAI21_X1)                      0.06       0.66 r
  U1812/ZN (XNOR2_X1)                      0.07       0.73 r
  U1813/ZN (XNOR2_X1)                      0.07       0.80 r
  U1822/ZN (NOR2_X1)                       0.03       0.83 f
  U1826/ZN (NOR2_X1)                       0.05       0.88 r
  U1872/ZN (NAND2_X1)                      0.03       0.91 f
  U1877/ZN (OAI21_X1)                      0.05       0.96 r
  U1949/ZN (XNOR2_X1)                      0.06       1.02 r
  U1952/ZN (OAI21_X1)                      0.03       1.05 f
  u_mac_0/d_int_reg[19]/D (DFF_X1)         0.01       1.06 f
  data arrival time                                   1.06

  clock clk (rise edge)                    1.10       1.10
  clock network delay (ideal)              0.00       1.10
  u_mac_0/d_int_reg[19]/CK (DFF_X1)        0.00       1.10 r
  library setup time                      -0.04       1.06
  data required time                                  1.06
  -----------------------------------------------------------
  data required time                                  1.06
  data arrival time                                  -1.06
  -----------------------------------------------------------
  slack (MET)                                         0.00


1
write -f verilog $TOP_MOD_NAME -output gates.v -hierarchy
Writing verilog file '/home/home5/aahangar/proj3/part2/gates.v'.
Warning: Verilog writer has added 10 nets to module layer_16_12_1_20 using SYNOPSYS_UNCONNECTED_ as prefix.  Please use the change_names command to make the correct changes before invoking the verilog writer.  (VO-11)
Warning: Verilog 'assign' or 'tran' statements are written out. (VO-4)
1
quit

Thank you...
