
                      Design Compiler Graphical
                            DC Ultra (TM)
                             DFTMAX (TM)
                         Power Compiler (TM)
                           DesignWare (R)
                           DC Expert (TM)
                         Design Vision (TM)
                          HDL Compiler (TM)
                         VHDL Compiler (TM)
                            DFT Compiler
                        Library Compiler (TM)
                         Design Compiler(R)

         Version J-2014.09-SP5-2 for RHEL64 -- Jul 11, 2015
               Copyright (c) 1988-2015 Synopsys, Inc.

This software and the associated documentation are confidential and 
proprietary to Synopsys, Inc. Your use or disclosure of this software 
is subject to the terms and conditions of a written license agreement 
between you, or your company, and Synopsys, Inc.

Initializing...
##############################################
# Setup: fill out the following parameters: name of clock signal, clock period (ns),
# reset signal name (if used), name of top-level module, name of source file
set CLK_NAME "clk";
clk
set CLK_PERIOD 1.00;
1.00
set RST_NAME "reset";
reset
set TOP_MOD_NAME "layer_4_4_1_16";
layer_4_4_1_16
set SRC_FILE "layer_4_4_1_16.sv";
layer_4_4_1_16.sv
###############################################
source setupdc.tcl
NangateOpenCellLibrary_typical.db dw_foundation.sldb
file mkdir work_synth
define_design_lib WORK -path work_synth
1
analyze $SRC_FILE -format sverilog
Running PRESTO HDLC
Searching for ./layer_4_4_1_16.sv
Compiling source file ./layer_4_4_1_16.sv
Presto compilation completed successfully.
Loading db file '/home/home4/pmilder/ese507/synthesis/lib/NangateOpenCellLibrary_typical.db'
Loading db file '/usr/local/synopsys/syn/libraries/syn/dw_foundation.sldb'
1
elaborate -work WORK $TOP_MOD_NAME
Loading db file '/usr/local/synopsys/syn/libraries/syn/gtech.db'
Loading db file '/usr/local/synopsys/syn/libraries/syn/standard.sldb'
  Loading link library 'NangateOpenCellLibrary'
  Loading link library 'gtech'
Running PRESTO HDLC
Warning:  ./layer_4_4_1_16.sv:64: signed to unsigned conversion occurs. (VER-318)
Warning:  ./layer_4_4_1_16.sv:119: signed to unsigned conversion occurs. (VER-318)
Warning:  ./layer_4_4_1_16.sv:138: signed to unsigned conversion occurs. (VER-318)
Warning:  ./layer_4_4_1_16.sv:158: signed to unsigned conversion occurs. (VER-318)
Warning:  ./layer_4_4_1_16.sv:153: signed to unsigned conversion occurs. (VER-318)
Warning:  ./layer_4_4_1_16.sv:225: signed to unsigned conversion occurs. (VER-318)
Warning:  ./layer_4_4_1_16.sv:242: signed to unsigned conversion occurs. (VER-318)
Warning:  ./layer_4_4_1_16.sv:60: unsigned to signed assignment occurs. (VER-318)

Statistics for case statements in always block at line 115 in file
	'./layer_4_4_1_16.sv'
===============================================
|           Line           |  full/ parallel  |
===============================================
|           117            |    auto/auto     |
===============================================

Inferred memory devices in process
	in routine layer_4_4_1_16 line 107 in file
		'./layer_4_4_1_16.sv'.
===============================================================================
|    Register Name    |   Type    | Width | Bus | MB | AR | AS | SR | SS | ST |
===============================================================================
|      state_reg      | Flip-flop |   2   |  Y  | N  | N  | N  | N  | N  | N  |
===============================================================================

Inferred memory devices in process
	in routine layer_4_4_1_16 line 133 in file
		'./layer_4_4_1_16.sv'.
===============================================================================
|    Register Name    |   Type    | Width | Bus | MB | AR | AS | SR | SS | ST |
===============================================================================
|  ram_x_wr_addr_reg  | Flip-flop |   3   |  Y  | N  | N  | N  | N  | N  | N  |
===============================================================================

Inferred memory devices in process
	in routine layer_4_4_1_16 line 146 in file
		'./layer_4_4_1_16.sv'.
===============================================================================
|    Register Name    |   Type    | Width | Bus | MB | AR | AS | SR | SS | ST |
===============================================================================
|  ram_x_rd_addr_reg  | Flip-flop |   3   |  Y  | N  | N  | N  | N  | N  | N  |
|  rom_w_rd_addr_reg  | Flip-flop |   4   |  Y  | N  | N  | N  | N  | N  | N  |
|  rom_b_rd_addr_reg  | Flip-flop |   2   |  Y  | N  | N  | N  | N  | N  | N  |
===============================================================================

Inferred memory devices in process
	in routine layer_4_4_1_16 line 169 in file
		'./layer_4_4_1_16.sv'.
===============================================================================
|    Register Name    |   Type    | Width | Bus | MB | AR | AS | SR | SS | ST |
===============================================================================
|  compute_done_reg   | Flip-flop |   1   |  N  | N  | N  | N  | N  | N  | N  |
|   output_cnt_reg    | Flip-flop |   3   |  Y  | N  | N  | N  | N  | N  | N  |
===============================================================================

Inferred memory devices in process
	in routine layer_4_4_1_16 line 187 in file
		'./layer_4_4_1_16.sv'.
===============================================================================
|    Register Name    |   Type    | Width | Bus | MB | AR | AS | SR | SS | ST |
===============================================================================
|   vld_in_cnt_reg    | Flip-flop |   3   |  Y  | N  | N  | N  | N  | N  | N  |
|    next_req_reg     | Flip-flop |   1   |  N  | N  | N  | N  | N  | N  | N  |
|  mac_valid_in_reg   | Flip-flop |   1   |  N  | N  | N  | N  | N  | N  | N  |
|     vec_cnt_reg     | Flip-flop |   3   |  Y  | N  | N  | N  | N  | N  | N  |
===============================================================================

Inferred memory devices in process
	in routine layer_4_4_1_16 line 220 in file
		'./layer_4_4_1_16.sv'.
===============================================================================
|    Register Name    |   Type    | Width | Bus | MB | AR | AS | SR | SS | ST |
===============================================================================
|   vld_out_cnt_reg   | Flip-flop |   3   |  Y  | N  | N  | N  | N  | N  | N  |
===============================================================================

Inferred memory devices in process
	in routine layer_4_4_1_16 line 233 in file
		'./layer_4_4_1_16.sv'.
===============================================================================
|    Register Name    |   Type    | Width | Bus | MB | AR | AS | SR | SS | ST |
===============================================================================
|    valid_int_reg    | Flip-flop |   1   |  N  | N  | N  | N  | N  | N  | N  |
===============================================================================
Presto compilation completed successfully.
Elaborated 1 design.
Current design is now 'layer_4_4_1_16'.
Information: Building the design 'memory' instantiated from design 'layer_4_4_1_16' with
	the parameters "WIDTH=16,SIZE=4,LOGSIZE=3". (HDL-193)

Inferred memory devices in process
	in routine memory_WIDTH16_SIZE4_LOGSIZE3 line 446 in file
		'./layer_4_4_1_16.sv'.
===============================================================================
|    Register Name    |   Type    | Width | Bus | MB | AR | AS | SR | SS | ST |
===============================================================================
|    data_out_reg     | Flip-flop |  16   |  Y  | N  | N  | N  | N  | N  | N  |
|       mem_reg       | Flip-flop |  16   |  Y  | N  | N  | N  | N  | N  | N  |
|       mem_reg       | Flip-flop |  16   |  Y  | N  | N  | N  | N  | N  | N  |
|       mem_reg       | Flip-flop |  16   |  Y  | N  | N  | N  | N  | N  | N  |
|       mem_reg       | Flip-flop |  16   |  Y  | N  | N  | N  | N  | N  | N  |
===============================================================================
Statistics for MUX_OPs
============================================================================
|         block name/line           | Inputs | Outputs | # sel inputs | MB |
============================================================================
| memory_WIDTH16_SIZE4_LOGSIZE3/447 |   4    |   16    |      2       | N  |
============================================================================
Presto compilation completed successfully.
Information: Building the design 'layer_4_4_1_16_W_rom_0'. (HDL-193)
Warning:  ./layer_4_4_1_16.sv:262: unsigned to signed assignment occurs. (VER-318)
Warning:  ./layer_4_4_1_16.sv:267: unsigned to signed assignment occurs. (VER-318)
Warning:  ./layer_4_4_1_16.sv:268: unsigned to signed assignment occurs. (VER-318)
Warning:  ./layer_4_4_1_16.sv:270: unsigned to signed assignment occurs. (VER-318)
Warning:  ./layer_4_4_1_16.sv:275: unsigned to signed assignment occurs. (VER-318)

Statistics for case statements in always block at line 259 in file
	'./layer_4_4_1_16.sv'
===============================================
|           Line           |  full/ parallel  |
===============================================
|           260            |    auto/auto     |
===============================================

Inferred memory devices in process
	in routine layer_4_4_1_16_W_rom_0 line 259 in file
		'./layer_4_4_1_16.sv'.
===============================================================================
|    Register Name    |   Type    | Width | Bus | MB | AR | AS | SR | SS | ST |
===============================================================================
|        z_reg        | Flip-flop |  16   |  Y  | N  | N  | N  | N  | N  | N  |
===============================================================================
Presto compilation completed successfully.
Information: Building the design 'layer_4_4_1_16_B_rom_0'. (HDL-193)
Warning:  ./layer_4_4_1_16.sv:288: unsigned to signed assignment occurs. (VER-318)
Warning:  ./layer_4_4_1_16.sv:289: unsigned to signed assignment occurs. (VER-318)

Statistics for case statements in always block at line 285 in file
	'./layer_4_4_1_16.sv'
===============================================
|           Line           |  full/ parallel  |
===============================================
|           286            |    auto/auto     |
===============================================

Inferred memory devices in process
	in routine layer_4_4_1_16_B_rom_0 line 285 in file
		'./layer_4_4_1_16.sv'.
===============================================================================
|    Register Name    |   Type    | Width | Bus | MB | AR | AS | SR | SS | ST |
===============================================================================
|        z_reg        | Flip-flop |  16   |  Y  | N  | N  | N  | N  | N  | N  |
===============================================================================
Presto compilation completed successfully.
Information: Building the design 'part3_mac' instantiated from design 'layer_4_4_1_16' with
	the parameters "T=16,NUM_S=1,VEC_S=4". (HDL-193)
Warning:  ./layer_4_4_1_16.sv:416: signed to unsigned conversion occurs. (VER-318)
Warning:  ./layer_4_4_1_16.sv:417: signed to unsigned conversion occurs. (VER-318)
Warning:  ./layer_4_4_1_16.sv:336: signed to unsigned conversion occurs. (VER-318)

Inferred memory devices in process
	in routine part3_mac_T16_NUM_S1_VEC_S4 line 371 in file
		'./layer_4_4_1_16.sv'.
===============================================================================
|    Register Name    |   Type    | Width | Bus | MB | AR | AS | SR | SS | ST |
===============================================================================
|    enable_d_reg     | Flip-flop |   1   |  N  | N  | N  | N  | N  | N  | N  |
|      a_int_reg      | Flip-flop |  16   |  Y  | N  | N  | N  | N  | N  | N  |
|      b_int_reg      | Flip-flop |  16   |  Y  | N  | N  | N  | N  | N  | N  |
|      x_int_reg      | Flip-flop |  16   |  Y  | N  | N  | N  | N  | N  | N  |
===============================================================================

Inferred memory devices in process
	in routine part3_mac_T16_NUM_S1_VEC_S4 line 392 in file
		'./layer_4_4_1_16.sv'.
===============================================================================
|    Register Name    |   Type    | Width | Bus | MB | AR | AS | SR | SS | ST |
===============================================================================
|    enable_f_reg     | Flip-flop |   1   |  N  | N  | N  | N  | N  | N  | N  |
|      d_int_reg      | Flip-flop |  16   |  Y  | N  | N  | N  | N  | N  | N  |
===============================================================================

Inferred memory devices in process
	in routine part3_mac_T16_NUM_S1_VEC_S4 line 408 in file
		'./layer_4_4_1_16.sv'.
===============================================================================
|    Register Name    |   Type    | Width | Bus | MB | AR | AS | SR | SS | ST |
===============================================================================
|     vec_cnt_reg     | Flip-flop |   3   |  Y  | N  | N  | N  | N  | N  | N  |
|        f_reg        | Flip-flop |  16   |  Y  | N  | N  | N  | N  | N  | N  |
|    valid_out_reg    | Flip-flop |   1   |  N  | N  | N  | N  | N  | N  | N  |
===============================================================================

Inferred memory devices in process
	in routine part3_mac_T16_NUM_S1_VEC_S4 line 426 in file
		'./layer_4_4_1_16.sv'.
===============================================================================
|    Register Name    |   Type    | Width | Bus | MB | AR | AS | SR | SS | ST |
===============================================================================
|    overflow_reg     | Flip-flop |   1   |  N  | N  | N  | N  | N  | N  | N  |
===============================================================================
Presto compilation completed successfully.
1
###### CLOCKS AND PORTS #######
set CLK_PORT [get_ports $CLK_NAME]
{clk}
set TMP1 [remove_from_collection [all_inputs] $CLK_PORT]
{reset s_valid m_ready data_in[15] data_in[14] data_in[13] data_in[12] data_in[11] data_in[10] data_in[9] data_in[8] data_in[7] data_in[6] data_in[5] data_in[4] data_in[3] data_in[2] data_in[1] data_in[0]}
set INPUTS [remove_from_collection $TMP1 $RST_NAME]
{s_valid m_ready data_in[15] data_in[14] data_in[13] data_in[12] data_in[11] data_in[10] data_in[9] data_in[8] data_in[7] data_in[6] data_in[5] data_in[4] data_in[3] data_in[2] data_in[1] data_in[0]}
create_clock -period $CLK_PERIOD [get_ports clk]
1
# set delay for inputs to be 0.2ns
set_input_delay 0.2 -max -clock clk $INPUTS
1
set_output_delay 0.2 -max -clock clk [all_outputs]
1
###### OPTIMIZATION #######
set_max_area 0 
1
###### RUN #####
compile_ultra
Information: Performing power optimization. (PWR-850)
Alib files are up-to-date.
Information: Evaluating DesignWare library utilization. (UISN-27)

============================================================================
| DesignWare Building Block Library  |         Version         | Available |
============================================================================
| Basic DW Building Blocks           | J-2014.09-DWBB_201409.5.2 |   *     |
| Licensed DW Building Blocks        | J-2014.09-DWBB_201409.5.2 |   *     |
============================================================================

Information: Sequential output inversion is enabled.  SVF file must be used for formal verification. (OPT-1208)

Information: There are 11 potential problems in your design. Please run 'check_design' for more information. (LINT-99)


Loaded alib file './alib-52/NangateOpenCellLibrary_typical.db.alib'
  Building model 'DW01_NAND2'
Information: Ungrouping hierarchy u_vec_x_mem_0 before Pass 1 (OPT-776)
Information: Ungrouping hierarchy u_w_rom_0 before Pass 1 (OPT-776)
Information: Ungrouping hierarchy u_b_rom_0 before Pass 1 (OPT-776)
Information: Ungrouping hierarchy u_mac_0 before Pass 1 (OPT-776)
Information: Ungrouping 4 of 5 hierarchies before Pass 1 (OPT-775)
Information: State dependent leakage is now switched from on to off.

  Beginning Pass 1 Mapping
  ------------------------
  Processing 'layer_4_4_1_16'
Information: Added key list 'DesignWare' to design 'layer_4_4_1_16'. (DDB-72)
Information: The register 'u_b_rom_0/z_reg[4]' is a constant and will be removed. (OPT-1206)
Information: The register 'state_reg[1]' is a constant and will be removed. (OPT-1206)
Information: In design 'layer_4_4_1_16', the register 'u_w_rom_0/z_reg[14]' is removed because it is merged to 'u_w_rom_0/z_reg[15]'. (OPT-1215)
Information: In design 'layer_4_4_1_16', the register 'u_w_rom_0/z_reg[13]' is removed because it is merged to 'u_w_rom_0/z_reg[15]'. (OPT-1215)
Information: In design 'layer_4_4_1_16', the register 'u_w_rom_0/z_reg[12]' is removed because it is merged to 'u_w_rom_0/z_reg[15]'. (OPT-1215)
Information: In design 'layer_4_4_1_16', the register 'u_w_rom_0/z_reg[11]' is removed because it is merged to 'u_w_rom_0/z_reg[15]'. (OPT-1215)
Information: In design 'layer_4_4_1_16', the register 'u_w_rom_0/z_reg[10]' is removed because it is merged to 'u_w_rom_0/z_reg[15]'. (OPT-1215)
Information: In design 'layer_4_4_1_16', the register 'u_w_rom_0/z_reg[9]' is removed because it is merged to 'u_w_rom_0/z_reg[15]'. (OPT-1215)
Information: In design 'layer_4_4_1_16', the register 'u_w_rom_0/z_reg[8]' is removed because it is merged to 'u_w_rom_0/z_reg[15]'. (OPT-1215)
Information: In design 'layer_4_4_1_16', the register 'u_w_rom_0/z_reg[7]' is removed because it is merged to 'u_w_rom_0/z_reg[15]'. (OPT-1215)
Information: In design 'layer_4_4_1_16', the register 'u_b_rom_0/z_reg[14]' is removed because it is merged to 'u_b_rom_0/z_reg[15]'. (OPT-1215)
Information: In design 'layer_4_4_1_16', the register 'u_b_rom_0/z_reg[13]' is removed because it is merged to 'u_b_rom_0/z_reg[15]'. (OPT-1215)
Information: In design 'layer_4_4_1_16', the register 'u_b_rom_0/z_reg[12]' is removed because it is merged to 'u_b_rom_0/z_reg[15]'. (OPT-1215)
Information: In design 'layer_4_4_1_16', the register 'u_b_rom_0/z_reg[11]' is removed because it is merged to 'u_b_rom_0/z_reg[15]'. (OPT-1215)
Information: In design 'layer_4_4_1_16', the register 'u_b_rom_0/z_reg[10]' is removed because it is merged to 'u_b_rom_0/z_reg[15]'. (OPT-1215)
Information: In design 'layer_4_4_1_16', the register 'u_b_rom_0/z_reg[9]' is removed because it is merged to 'u_b_rom_0/z_reg[15]'. (OPT-1215)
Information: In design 'layer_4_4_1_16', the register 'u_b_rom_0/z_reg[8]' is removed because it is merged to 'u_b_rom_0/z_reg[15]'. (OPT-1215)
Information: In design 'layer_4_4_1_16', the register 'u_b_rom_0/z_reg[7]' is removed because it is merged to 'u_b_rom_0/z_reg[15]'. (OPT-1215)
Information: In design 'layer_4_4_1_16', the register 'u_b_rom_0/z_reg[5]' is removed because it is merged to 'u_b_rom_0/z_reg[6]'. (OPT-1215)
 Implement Synthetic for 'layer_4_4_1_16'.
Information: The register 'u_mac_0/b_int_reg[4]' is a constant and will be removed. (OPT-1206)

  Updating timing information
Information: Updating design information... (UID-85)
Information: The register 'u_mac_0/vec_cnt_reg[2]' is a constant and will be removed. (OPT-1206)
Information: The register 'ram_x_wr_addr_reg[2]' is a constant and will be removed. (OPT-1206)

  Beginning Mapping Optimizations  (Ultra High effort)
  -------------------------------
  Mapping Optimization (Phase 1)
Information: The register 'ram_x_rd_addr_reg[0][2]' is a constant and will be removed. (OPT-1206)

                                  TOTAL                                                
   ELAPSED            WORST NEG   SETUP    DESIGN                              LEAKAGE 
    TIME      AREA      SLACK     COST    RULE COST         ENDPOINT            POWER  
  --------- --------- --------- --------- --------- ------------------------- ---------
    0:00:03    2486.3      0.25       2.0      37.8                           56668.0312
    0:00:03    2486.3      0.25       2.0      37.8                           56668.0312
    0:00:03    2486.3      0.25       2.0      37.8                           56668.0312
    0:00:03    2487.4      0.20       1.6      36.3                           56704.6953
  Re-synthesis Optimization (Phase 1)
  Re-synthesis Optimization (Phase 2)
  Global Optimization (Phase 1)
  Global Optimization (Phase 2)
  Global Optimization (Phase 3)
  Global Optimization (Phase 4)
  Global Optimization (Phase 5)
  Global Optimization (Phase 6)
  Global Optimization (Phase 7)
  Global Optimization (Phase 8)
  Global Optimization (Phase 9)
  Global Optimization (Phase 10)
  Global Optimization (Phase 11)
  Global Optimization (Phase 12)
  Global Optimization (Phase 13)
  Global Optimization (Phase 14)
  Global Optimization (Phase 15)
  Global Optimization (Phase 16)
  Global Optimization (Phase 17)
  Global Optimization (Phase 18)
  Global Optimization (Phase 19)
  Global Optimization (Phase 20)
  Global Optimization (Phase 21)
  Global Optimization (Phase 22)
  Global Optimization (Phase 23)
  Global Optimization (Phase 24)
  Global Optimization (Phase 25)
  Global Optimization (Phase 26)
  Global Optimization (Phase 27)
  Global Optimization (Phase 28)
  Global Optimization (Phase 29)
  Global Optimization (Phase 30)
  Global Optimization (Phase 31)
  Mapping 'layer_4_4_1_16_DW_mult_uns_1'
    0:00:04    2176.9      0.10       0.5      35.5                           45309.4453



  Beginning Delay Optimization Phase
  ----------------------------------

                                  TOTAL                                                
   ELAPSED            WORST NEG   SETUP    DESIGN                              LEAKAGE 
    TIME      AREA      SLACK     COST    RULE COST         ENDPOINT            POWER  
  --------- --------- --------- --------- --------- ------------------------- ---------
    0:00:04    2176.9      0.10       0.5      35.5                           45309.4453
    0:00:04    2176.9      0.10       0.5      35.5                           45309.4453
    0:00:04    2177.2      0.10       0.5      35.5                           45313.5742
    0:00:04    2177.2      0.10       0.5      35.5                           45313.5742
    0:00:04    2179.1      0.07       0.4      35.5                           45404.4414
    0:00:04    2179.1      0.07       0.4      35.5                           45404.4414
    0:00:04    2179.1      0.07       0.4      35.5                           45404.4414
    0:00:04    2179.1      0.07       0.4      35.5                           45404.4414
    0:00:04    2179.1      0.07       0.4      35.5                           45404.4414
    0:00:04    2179.1      0.07       0.4      35.5                           45404.4414
    0:00:05    2245.8      0.03       0.2      35.5                           47754.3672
    0:00:05    2245.8      0.03       0.2      35.5                           47754.3672
    0:00:05    2245.8      0.03       0.2      35.5                           47754.3672

  Beginning Delay Optimization
  ----------------------------
    0:00:05    2239.5      0.02       0.1      35.5                           47582.1289
    0:00:05    2240.5      0.01       0.0      35.5                           47632.2070
    0:00:05    2240.5      0.01       0.0      35.5                           47632.2070
    0:00:06    2241.8      0.01       0.0      35.5                           47694.5898
    0:00:06    2238.9      0.00       0.0      35.5                           47586.8320
    0:00:06    2248.0      0.00       0.0      35.5                           47899.3672
    0:00:06    2248.0      0.00       0.0      35.5                           47899.3672
    0:00:06    2248.0      0.00       0.0      35.5                           47899.3672


  Beginning Design Rule Fixing  (max_capacitance)
  ----------------------------

                                  TOTAL                                                
   ELAPSED            WORST NEG   SETUP    DESIGN                              LEAKAGE 
    TIME      AREA      SLACK     COST    RULE COST         ENDPOINT            POWER  
  --------- --------- --------- --------- --------- ------------------------- ---------
    0:00:06    2248.0      0.00       0.0      35.5                           47899.3672
  Global Optimization (Phase 32)
  Global Optimization (Phase 33)
  Global Optimization (Phase 34)
    0:00:06    2250.1      0.00       0.0       0.0                           47984.1680
    0:00:06    2250.1      0.00       0.0       0.0                           47984.1680

                                  TOTAL                                                
   ELAPSED            WORST NEG   SETUP    DESIGN                              LEAKAGE 
    TIME      AREA      SLACK     COST    RULE COST         ENDPOINT            POWER  
  --------- --------- --------- --------- --------- ------------------------- ---------
    0:00:06    2250.1      0.00       0.0       0.0                           47984.1680
    0:00:06    2249.6      0.00       0.0       0.0                           47969.8125


  Beginning Leakage Power Optimization  (max_leakage_power 0)
  ------------------------------------

                                  TOTAL                                                
   ELAPSED            WORST NEG   SETUP    DESIGN                              LEAKAGE 
    TIME      AREA      SLACK     COST    RULE COST         ENDPOINT            POWER  
  --------- --------- --------- --------- --------- ------------------------- ---------
    0:00:06    2249.0      0.00       0.0       0.0                           47956.4961
  Global Optimization (Phase 35)
  Global Optimization (Phase 36)
  Global Optimization (Phase 37)
  Global Optimization (Phase 38)
  Global Optimization (Phase 39)
  Global Optimization (Phase 40)
  Global Optimization (Phase 41)
  Global Optimization (Phase 42)
  Global Optimization (Phase 43)
  Global Optimization (Phase 44)
  Global Optimization (Phase 45)
  Global Optimization (Phase 46)
  Global Optimization (Phase 47)
  Global Optimization (Phase 48)
  Global Optimization (Phase 49)
    0:00:06    2186.3      0.00       0.0       0.0                           45715.9570
    0:00:06    2186.3      0.00       0.0       0.0                           45715.9570
    0:00:06    2186.3      0.00       0.0       0.0                           45715.9570
    0:00:07    2186.3      0.00       0.0       0.0                           45715.9570
    0:00:07    2186.3      0.00       0.0       0.0                           45715.9570
    0:00:07    2186.3      0.00       0.0       0.0                           45715.9570
    0:00:07    2186.3      0.00       0.0       0.0                           45715.9570
    0:00:07    2186.3      0.00       0.0       0.0                           45715.9570
    0:00:07    2186.3      0.00       0.0       0.0                           45715.9570
    0:00:07    2186.3      0.00       0.0       0.0                           45715.9570
    0:00:07    2186.3      0.00       0.0       0.0                           45715.9570
    0:00:07    2186.3      0.00       0.0       0.0                           45715.9570
    0:00:07    2186.3      0.00       0.0       0.0                           45715.9570
    0:00:07    2186.3      0.00       0.0       0.0                           45715.9570
    0:00:07    2186.3      0.00       0.0       0.0                           45715.9570
    0:00:07    2186.3      0.00       0.0       0.0                           45715.9570
    0:00:07    2186.3      0.00       0.0       0.0                           45715.9570
    0:00:07    2186.3      0.00       0.0       0.0                           45715.9570
    0:00:07    2186.3      0.00       0.0       0.0                           45715.9570
    0:00:07    2186.3      0.00       0.0       0.0                           45715.9570
    0:00:07    2186.3      0.00       0.0       0.0                           45715.9570
    0:00:07    2186.3      0.00       0.0       0.0                           45715.9570

                                  TOTAL                                                
   ELAPSED            WORST NEG   SETUP    DESIGN                              LEAKAGE 
    TIME      AREA      SLACK     COST    RULE COST         ENDPOINT            POWER  
  --------- --------- --------- --------- --------- ------------------------- ---------
    0:00:07    2186.3      0.00       0.0       0.0                           45715.9570
    0:00:07    2183.3      0.01       0.0       0.0                           45509.5117
    0:00:07    2184.4      0.00       0.0       0.0                           45574.1953
    0:00:07    2184.4      0.00       0.0       0.0                           45574.1953
    0:00:07    2184.4      0.00       0.0       0.0                           45574.1953
    0:00:07    2182.3      0.00       0.0       0.0                           45479.3086
    0:00:07    2182.3      0.00       0.0       0.0                           45479.3086
    0:00:07    2181.2      0.00       0.0       0.0                           45438.8164
Loading db file '/home/home4/pmilder/ese507/synthesis/lib/NangateOpenCellLibrary_typical.db'


Note: Symbol # after min delay cost means estimated hold TNS across all active scenarios 


  Optimization Complete
  ---------------------
Information: State dependent leakage is now switched from off to on.
Information: Propagating switching activity (low effort zero delay simulation). (PWR-6)
1
report_area
 
****************************************
Report : area
Design : layer_4_4_1_16
Version: J-2014.09-SP5-2
Date   : Sat Nov 25 16:46:56 2017
****************************************

Information: Updating design information... (UID-85)
Library(s) Used:

    NangateOpenCellLibrary (File: /home/home4/pmilder/ese507/synthesis/lib/NangateOpenCellLibrary_typical.db)

Number of ports:                           38
Number of nets:                          1409
Number of cells:                         1276
Number of combinational cells:           1071
Number of sequential cells:               205
Number of macros/black boxes:               0
Number of buf/inv:                        165
Number of references:                      34

Combinational area:               1253.658001
Buf/Inv area:                       92.834001
Noncombinational area:             927.541966
Macro/Black Box area:                0.000000
Net Interconnect area:      undefined  (Wire load has zero net area)

Total cell area:                  2181.199968
Total area:                 undefined
1
report_power
 
****************************************
Report : power
        -analysis_effort low
Design : layer_4_4_1_16
Version: J-2014.09-SP5-2
Date   : Sat Nov 25 16:46:56 2017
****************************************


Library(s) Used:

    NangateOpenCellLibrary (File: /home/home4/pmilder/ese507/synthesis/lib/NangateOpenCellLibrary_typical.db)


Operating Conditions: typical   Library: NangateOpenCellLibrary
Wire Load Model Mode: top

Design        Wire Load Model            Library
------------------------------------------------
layer_4_4_1_16         5K_hvratio_1_1    NangateOpenCellLibrary


Global Operating Voltage = 1.1  
Power-specific unit information :
    Voltage Units = 1V
    Capacitance Units = 1.000000ff
    Time Units = 1ns
    Dynamic Power Units = 1uW    (derived from V,C,T units)
    Leakage Power Units = 1nW


  Cell Internal Power  =   1.2221 mW   (87%)
  Net Switching Power  = 180.0329 uW   (13%)
                         ---------
Total Dynamic Power    =   1.4021 mW  (100%)

Cell Leakage Power     =  46.9546 uW


                 Internal         Switching           Leakage            Total
Power Group      Power            Power               Power              Power   (   %    )  Attrs
--------------------------------------------------------------------------------------------------
io_pad             0.0000            0.0000            0.0000            0.0000  (   0.00%)
memory             0.0000            0.0000            0.0000            0.0000  (   0.00%)
black_box          0.0000            0.0000            0.0000            0.0000  (   0.00%)
clock_network      0.0000            0.0000            0.0000            0.0000  (   0.00%)
register       1.1232e+03           33.0144        1.6046e+04        1.1723e+03  (  80.90%)
sequential         0.0000            0.0000            0.0000            0.0000  (   0.00%)
combinational     98.8539          147.0185        3.0908e+04          276.7806  (  19.10%)
--------------------------------------------------------------------------------------------------
Total          1.2221e+03 uW       180.0329 uW     4.6955e+04 nW     1.4490e+03 uW
1
report_timing
 
****************************************
Report : timing
        -path full
        -delay max
        -max_paths 1
Design : layer_4_4_1_16
Version: J-2014.09-SP5-2
Date   : Sat Nov 25 16:46:56 2017
****************************************

Operating Conditions: typical   Library: NangateOpenCellLibrary
Wire Load Model Mode: top

  Startpoint: u_mac_0/a_int_reg[9]
              (rising edge-triggered flip-flop clocked by clk)
  Endpoint: u_mac_0/d_int_reg[15]
            (rising edge-triggered flip-flop clocked by clk)
  Path Group: clk
  Path Type: max

  Des/Clust/Port     Wire Load Model       Library
  ------------------------------------------------
  layer_4_4_1_16     5K_hvratio_1_1        NangateOpenCellLibrary

  Point                                    Incr       Path
  -----------------------------------------------------------
  clock clk (rise edge)                    0.00       0.00
  clock network delay (ideal)              0.00       0.00
  u_mac_0/a_int_reg[9]/CK (DFF_X1)         0.00       0.00 r
  u_mac_0/a_int_reg[9]/QN (DFF_X1)         0.08       0.08 r
  U594/Z (BUF_X1)                          0.09       0.17 r
  U883/ZN (XNOR2_X1)                       0.08       0.25 r
  U884/ZN (OAI22_X1)                       0.05       0.30 f
  U893/CO (FA_X1)                          0.11       0.41 f
  U962/S (FA_X1)                           0.15       0.56 r
  U902/ZN (XNOR2_X1)                       0.07       0.63 r
  U921/ZN (XNOR2_X1)                       0.07       0.69 r
  U925/ZN (NOR2_X2)                        0.04       0.73 f
  U933/ZN (NOR2_X1)                        0.05       0.78 r
  U976/ZN (NAND2_X1)                       0.03       0.81 f
  U979/ZN (OAI21_X1)                       0.05       0.86 r
  U1020/ZN (XNOR2_X1)                      0.06       0.92 r
  U1022/ZN (OAI21_X1)                      0.03       0.95 f
  u_mac_0/d_int_reg[15]/D (DFF_X1)         0.01       0.96 f
  data arrival time                                   0.96

  clock clk (rise edge)                    1.00       1.00
  clock network delay (ideal)              0.00       1.00
  u_mac_0/d_int_reg[15]/CK (DFF_X1)        0.00       1.00 r
  library setup time                      -0.04       0.96
  data required time                                  0.96
  -----------------------------------------------------------
  data required time                                  0.96
  data arrival time                                  -0.96
  -----------------------------------------------------------
  slack (MET)                                         0.00


1
write -f verilog $TOP_MOD_NAME -output gates.v -hierarchy
Writing verilog file '/home/home5/aahangar/proj3/part2/gates.v'.
Warning: Verilog 'assign' or 'tran' statements are written out. (VO-4)
1
quit

Thank you...
