
                      Design Compiler Graphical
                            DC Ultra (TM)
                             DFTMAX (TM)
                         Power Compiler (TM)
                           DesignWare (R)
                           DC Expert (TM)
                         Design Vision (TM)
                          HDL Compiler (TM)
                         VHDL Compiler (TM)
                            DFT Compiler
                        Library Compiler (TM)
                         Design Compiler(R)

         Version J-2014.09-SP5-2 for RHEL64 -- Jul 11, 2015
               Copyright (c) 1988-2015 Synopsys, Inc.

This software and the associated documentation are confidential and 
proprietary to Synopsys, Inc. Your use or disclosure of this software 
is subject to the terms and conditions of a written license agreement 
between you, or your company, and Synopsys, Inc.

Initializing...
##############################################
# Setup: fill out the following parameters: name of clock signal, clock period (ns),
# reset signal name (if used), name of top-level module, name of source file
set CLK_NAME "clk";
clk
set CLK_PERIOD 1.50;
1.50
set RST_NAME "reset";
reset
set TOP_MOD_NAME "layer_13_16_1_32";
layer_13_16_1_32
set SRC_FILE "layer_13_16_1_32.sv";
layer_13_16_1_32.sv
###############################################
source setupdc.tcl
NangateOpenCellLibrary_typical.db dw_foundation.sldb
file mkdir work_synth
define_design_lib WORK -path work_synth
1
analyze $SRC_FILE -format sverilog
Running PRESTO HDLC
Searching for ./layer_13_16_1_32.sv
Compiling source file ./layer_13_16_1_32.sv
Presto compilation completed successfully.
Loading db file '/home/home4/pmilder/ese507/synthesis/lib/NangateOpenCellLibrary_typical.db'
Loading db file '/usr/local/synopsys/syn/libraries/syn/dw_foundation.sldb'
1
elaborate -work WORK $TOP_MOD_NAME
Loading db file '/usr/local/synopsys/syn/libraries/syn/gtech.db'
Loading db file '/usr/local/synopsys/syn/libraries/syn/standard.sldb'
  Loading link library 'NangateOpenCellLibrary'
  Loading link library 'gtech'
Running PRESTO HDLC
Warning:  ./layer_13_16_1_32.sv:64: signed to unsigned conversion occurs. (VER-318)
Warning:  ./layer_13_16_1_32.sv:119: signed to unsigned conversion occurs. (VER-318)
Warning:  ./layer_13_16_1_32.sv:138: signed to unsigned conversion occurs. (VER-318)
Warning:  ./layer_13_16_1_32.sv:158: signed to unsigned conversion occurs. (VER-318)
Warning:  ./layer_13_16_1_32.sv:153: signed to unsigned conversion occurs. (VER-318)
Warning:  ./layer_13_16_1_32.sv:225: signed to unsigned conversion occurs. (VER-318)
Warning:  ./layer_13_16_1_32.sv:242: signed to unsigned conversion occurs. (VER-318)
Warning:  ./layer_13_16_1_32.sv:60: unsigned to signed assignment occurs. (VER-318)

Statistics for case statements in always block at line 115 in file
	'./layer_13_16_1_32.sv'
===============================================
|           Line           |  full/ parallel  |
===============================================
|           117            |    auto/auto     |
===============================================

Inferred memory devices in process
	in routine layer_13_16_1_32 line 107 in file
		'./layer_13_16_1_32.sv'.
===============================================================================
|    Register Name    |   Type    | Width | Bus | MB | AR | AS | SR | SS | ST |
===============================================================================
|      state_reg      | Flip-flop |   2   |  Y  | N  | N  | N  | N  | N  | N  |
===============================================================================

Inferred memory devices in process
	in routine layer_13_16_1_32 line 133 in file
		'./layer_13_16_1_32.sv'.
===============================================================================
|    Register Name    |   Type    | Width | Bus | MB | AR | AS | SR | SS | ST |
===============================================================================
|  ram_x_wr_addr_reg  | Flip-flop |   5   |  Y  | N  | N  | N  | N  | N  | N  |
===============================================================================

Inferred memory devices in process
	in routine layer_13_16_1_32 line 146 in file
		'./layer_13_16_1_32.sv'.
===============================================================================
|    Register Name    |   Type    | Width | Bus | MB | AR | AS | SR | SS | ST |
===============================================================================
|  ram_x_rd_addr_reg  | Flip-flop |   5   |  Y  | N  | N  | N  | N  | N  | N  |
|  rom_w_rd_addr_reg  | Flip-flop |   8   |  Y  | N  | N  | N  | N  | N  | N  |
|  rom_b_rd_addr_reg  | Flip-flop |   4   |  Y  | N  | N  | N  | N  | N  | N  |
===============================================================================

Inferred memory devices in process
	in routine layer_13_16_1_32 line 169 in file
		'./layer_13_16_1_32.sv'.
===============================================================================
|    Register Name    |   Type    | Width | Bus | MB | AR | AS | SR | SS | ST |
===============================================================================
|  compute_done_reg   | Flip-flop |   1   |  N  | N  | N  | N  | N  | N  | N  |
|   output_cnt_reg    | Flip-flop |   4   |  Y  | N  | N  | N  | N  | N  | N  |
===============================================================================

Inferred memory devices in process
	in routine layer_13_16_1_32 line 187 in file
		'./layer_13_16_1_32.sv'.
===============================================================================
|    Register Name    |   Type    | Width | Bus | MB | AR | AS | SR | SS | ST |
===============================================================================
|   vld_in_cnt_reg    | Flip-flop |   4   |  Y  | N  | N  | N  | N  | N  | N  |
|    next_req_reg     | Flip-flop |   1   |  N  | N  | N  | N  | N  | N  | N  |
|  mac_valid_in_reg   | Flip-flop |   1   |  N  | N  | N  | N  | N  | N  | N  |
|     vec_cnt_reg     | Flip-flop |   5   |  Y  | N  | N  | N  | N  | N  | N  |
===============================================================================

Inferred memory devices in process
	in routine layer_13_16_1_32 line 220 in file
		'./layer_13_16_1_32.sv'.
===============================================================================
|    Register Name    |   Type    | Width | Bus | MB | AR | AS | SR | SS | ST |
===============================================================================
|   vld_out_cnt_reg   | Flip-flop |   4   |  Y  | N  | N  | N  | N  | N  | N  |
===============================================================================

Inferred memory devices in process
	in routine layer_13_16_1_32 line 233 in file
		'./layer_13_16_1_32.sv'.
===============================================================================
|    Register Name    |   Type    | Width | Bus | MB | AR | AS | SR | SS | ST |
===============================================================================
|    valid_int_reg    | Flip-flop |   1   |  N  | N  | N  | N  | N  | N  | N  |
===============================================================================
Presto compilation completed successfully.
Elaborated 1 design.
Current design is now 'layer_13_16_1_32'.
Information: Building the design 'memory' instantiated from design 'layer_13_16_1_32' with
	the parameters "WIDTH=32,SIZE=16,LOGSIZE=5". (HDL-193)

Inferred memory devices in process
	in routine memory_WIDTH32_SIZE16_LOGSIZE5 line 647 in file
		'./layer_13_16_1_32.sv'.
===============================================================================
|    Register Name    |   Type    | Width | Bus | MB | AR | AS | SR | SS | ST |
===============================================================================
|    data_out_reg     | Flip-flop |  32   |  Y  | N  | N  | N  | N  | N  | N  |
|       mem_reg       | Flip-flop |  32   |  Y  | N  | N  | N  | N  | N  | N  |
|       mem_reg       | Flip-flop |  32   |  Y  | N  | N  | N  | N  | N  | N  |
|       mem_reg       | Flip-flop |  32   |  Y  | N  | N  | N  | N  | N  | N  |
|       mem_reg       | Flip-flop |  32   |  Y  | N  | N  | N  | N  | N  | N  |
|       mem_reg       | Flip-flop |  32   |  Y  | N  | N  | N  | N  | N  | N  |
|       mem_reg       | Flip-flop |  32   |  Y  | N  | N  | N  | N  | N  | N  |
|       mem_reg       | Flip-flop |  32   |  Y  | N  | N  | N  | N  | N  | N  |
|       mem_reg       | Flip-flop |  32   |  Y  | N  | N  | N  | N  | N  | N  |
|       mem_reg       | Flip-flop |  32   |  Y  | N  | N  | N  | N  | N  | N  |
|       mem_reg       | Flip-flop |  32   |  Y  | N  | N  | N  | N  | N  | N  |
|       mem_reg       | Flip-flop |  32   |  Y  | N  | N  | N  | N  | N  | N  |
|       mem_reg       | Flip-flop |  32   |  Y  | N  | N  | N  | N  | N  | N  |
|       mem_reg       | Flip-flop |  32   |  Y  | N  | N  | N  | N  | N  | N  |
|       mem_reg       | Flip-flop |  32   |  Y  | N  | N  | N  | N  | N  | N  |
|       mem_reg       | Flip-flop |  32   |  Y  | N  | N  | N  | N  | N  | N  |
|       mem_reg       | Flip-flop |  32   |  Y  | N  | N  | N  | N  | N  | N  |
===============================================================================
Statistics for MUX_OPs
=============================================================================
|          block name/line           | Inputs | Outputs | # sel inputs | MB |
=============================================================================
| memory_WIDTH32_SIZE16_LOGSIZE5/648 |   16   |   32    |      4       | N  |
=============================================================================
Presto compilation completed successfully.
Information: Building the design 'layer_13_16_1_32_W_rom_0'. (HDL-193)
Warning:  ./layer_13_16_1_32.sv:261: unsigned to signed assignment occurs. (VER-318)
Warning:  ./layer_13_16_1_32.sv:263: unsigned to signed assignment occurs. (VER-318)
Warning:  ./layer_13_16_1_32.sv:265: unsigned to signed assignment occurs. (VER-318)
Warning:  ./layer_13_16_1_32.sv:268: unsigned to signed assignment occurs. (VER-318)
Warning:  ./layer_13_16_1_32.sv:270: unsigned to signed assignment occurs. (VER-318)
Warning:  ./layer_13_16_1_32.sv:272: unsigned to signed assignment occurs. (VER-318)
Warning:  ./layer_13_16_1_32.sv:277: unsigned to signed assignment occurs. (VER-318)
Warning:  ./layer_13_16_1_32.sv:280: unsigned to signed assignment occurs. (VER-318)
Warning:  ./layer_13_16_1_32.sv:281: unsigned to signed assignment occurs. (VER-318)
Warning:  ./layer_13_16_1_32.sv:283: unsigned to signed assignment occurs. (VER-318)
Warning:  ./layer_13_16_1_32.sv:284: unsigned to signed assignment occurs. (VER-318)
Warning:  ./layer_13_16_1_32.sv:286: unsigned to signed assignment occurs. (VER-318)
Warning:  ./layer_13_16_1_32.sv:289: unsigned to signed assignment occurs. (VER-318)
Warning:  ./layer_13_16_1_32.sv:290: unsigned to signed assignment occurs. (VER-318)
Warning:  ./layer_13_16_1_32.sv:292: unsigned to signed assignment occurs. (VER-318)
Warning:  ./layer_13_16_1_32.sv:293: unsigned to signed assignment occurs. (VER-318)
Warning:  ./layer_13_16_1_32.sv:296: unsigned to signed assignment occurs. (VER-318)
Warning:  ./layer_13_16_1_32.sv:299: unsigned to signed assignment occurs. (VER-318)
Warning:  ./layer_13_16_1_32.sv:300: unsigned to signed assignment occurs. (VER-318)
Warning:  ./layer_13_16_1_32.sv:302: unsigned to signed assignment occurs. (VER-318)
Warning:  ./layer_13_16_1_32.sv:303: unsigned to signed assignment occurs. (VER-318)
Warning:  ./layer_13_16_1_32.sv:308: unsigned to signed assignment occurs. (VER-318)
Warning:  ./layer_13_16_1_32.sv:313: unsigned to signed assignment occurs. (VER-318)
Warning:  ./layer_13_16_1_32.sv:315: unsigned to signed assignment occurs. (VER-318)
Warning:  ./layer_13_16_1_32.sv:318: unsigned to signed assignment occurs. (VER-318)
Warning:  ./layer_13_16_1_32.sv:320: unsigned to signed assignment occurs. (VER-318)
Warning:  ./layer_13_16_1_32.sv:321: unsigned to signed assignment occurs. (VER-318)
Warning:  ./layer_13_16_1_32.sv:322: unsigned to signed assignment occurs. (VER-318)
Warning:  ./layer_13_16_1_32.sv:325: unsigned to signed assignment occurs. (VER-318)
Warning:  ./layer_13_16_1_32.sv:329: unsigned to signed assignment occurs. (VER-318)
Warning:  ./layer_13_16_1_32.sv:330: unsigned to signed assignment occurs. (VER-318)
Warning:  ./layer_13_16_1_32.sv:331: unsigned to signed assignment occurs. (VER-318)
Warning:  ./layer_13_16_1_32.sv:332: unsigned to signed assignment occurs. (VER-318)
Warning:  ./layer_13_16_1_32.sv:333: unsigned to signed assignment occurs. (VER-318)
Warning:  ./layer_13_16_1_32.sv:334: unsigned to signed assignment occurs. (VER-318)
Warning:  ./layer_13_16_1_32.sv:335: unsigned to signed assignment occurs. (VER-318)
Warning:  ./layer_13_16_1_32.sv:336: unsigned to signed assignment occurs. (VER-318)
Warning:  ./layer_13_16_1_32.sv:337: unsigned to signed assignment occurs. (VER-318)
Warning:  ./layer_13_16_1_32.sv:338: unsigned to signed assignment occurs. (VER-318)
Warning:  ./layer_13_16_1_32.sv:339: unsigned to signed assignment occurs. (VER-318)
Warning:  ./layer_13_16_1_32.sv:340: unsigned to signed assignment occurs. (VER-318)
Warning:  ./layer_13_16_1_32.sv:343: unsigned to signed assignment occurs. (VER-318)
Warning:  ./layer_13_16_1_32.sv:344: unsigned to signed assignment occurs. (VER-318)
Warning:  ./layer_13_16_1_32.sv:345: unsigned to signed assignment occurs. (VER-318)
Warning:  ./layer_13_16_1_32.sv:346: unsigned to signed assignment occurs. (VER-318)
Warning:  ./layer_13_16_1_32.sv:348: unsigned to signed assignment occurs. (VER-318)
Warning:  ./layer_13_16_1_32.sv:349: unsigned to signed assignment occurs. (VER-318)
Warning:  ./layer_13_16_1_32.sv:351: unsigned to signed assignment occurs. (VER-318)
Warning:  ./layer_13_16_1_32.sv:354: unsigned to signed assignment occurs. (VER-318)
Warning:  ./layer_13_16_1_32.sv:355: unsigned to signed assignment occurs. (VER-318)
Warning:  ./layer_13_16_1_32.sv:356: unsigned to signed assignment occurs. (VER-318)
Warning:  ./layer_13_16_1_32.sv:358: unsigned to signed assignment occurs. (VER-318)
Warning:  ./layer_13_16_1_32.sv:360: unsigned to signed assignment occurs. (VER-318)
Warning:  ./layer_13_16_1_32.sv:365: unsigned to signed assignment occurs. (VER-318)
Warning:  ./layer_13_16_1_32.sv:369: unsigned to signed assignment occurs. (VER-318)
Warning:  ./layer_13_16_1_32.sv:370: unsigned to signed assignment occurs. (VER-318)
Warning:  ./layer_13_16_1_32.sv:372: unsigned to signed assignment occurs. (VER-318)
Warning:  ./layer_13_16_1_32.sv:375: unsigned to signed assignment occurs. (VER-318)
Warning:  ./layer_13_16_1_32.sv:378: unsigned to signed assignment occurs. (VER-318)
Warning:  ./layer_13_16_1_32.sv:379: unsigned to signed assignment occurs. (VER-318)
Warning:  ./layer_13_16_1_32.sv:380: unsigned to signed assignment occurs. (VER-318)
Warning:  ./layer_13_16_1_32.sv:386: unsigned to signed assignment occurs. (VER-318)
Warning:  ./layer_13_16_1_32.sv:388: unsigned to signed assignment occurs. (VER-318)
Warning:  ./layer_13_16_1_32.sv:391: unsigned to signed assignment occurs. (VER-318)
Warning:  ./layer_13_16_1_32.sv:392: unsigned to signed assignment occurs. (VER-318)
Warning:  ./layer_13_16_1_32.sv:394: unsigned to signed assignment occurs. (VER-318)
Warning:  ./layer_13_16_1_32.sv:395: unsigned to signed assignment occurs. (VER-318)
Warning:  ./layer_13_16_1_32.sv:396: unsigned to signed assignment occurs. (VER-318)
Warning:  ./layer_13_16_1_32.sv:400: unsigned to signed assignment occurs. (VER-318)
Warning:  ./layer_13_16_1_32.sv:401: unsigned to signed assignment occurs. (VER-318)
Warning:  ./layer_13_16_1_32.sv:402: unsigned to signed assignment occurs. (VER-318)
Warning:  ./layer_13_16_1_32.sv:403: unsigned to signed assignment occurs. (VER-318)
Warning:  ./layer_13_16_1_32.sv:411: unsigned to signed assignment occurs. (VER-318)
Warning:  ./layer_13_16_1_32.sv:413: unsigned to signed assignment occurs. (VER-318)
Warning:  ./layer_13_16_1_32.sv:414: unsigned to signed assignment occurs. (VER-318)
Warning:  ./layer_13_16_1_32.sv:416: unsigned to signed assignment occurs. (VER-318)
Warning:  ./layer_13_16_1_32.sv:417: unsigned to signed assignment occurs. (VER-318)
Warning:  ./layer_13_16_1_32.sv:419: unsigned to signed assignment occurs. (VER-318)
Warning:  ./layer_13_16_1_32.sv:421: unsigned to signed assignment occurs. (VER-318)
Warning:  ./layer_13_16_1_32.sv:423: unsigned to signed assignment occurs. (VER-318)
Warning:  ./layer_13_16_1_32.sv:424: unsigned to signed assignment occurs. (VER-318)
Warning:  ./layer_13_16_1_32.sv:426: unsigned to signed assignment occurs. (VER-318)
Warning:  ./layer_13_16_1_32.sv:427: unsigned to signed assignment occurs. (VER-318)
Warning:  ./layer_13_16_1_32.sv:429: unsigned to signed assignment occurs. (VER-318)
Warning:  ./layer_13_16_1_32.sv:430: unsigned to signed assignment occurs. (VER-318)
Warning:  ./layer_13_16_1_32.sv:431: unsigned to signed assignment occurs. (VER-318)
Warning:  ./layer_13_16_1_32.sv:432: unsigned to signed assignment occurs. (VER-318)
Warning:  ./layer_13_16_1_32.sv:433: unsigned to signed assignment occurs. (VER-318)
Warning:  ./layer_13_16_1_32.sv:436: unsigned to signed assignment occurs. (VER-318)
Warning:  ./layer_13_16_1_32.sv:437: unsigned to signed assignment occurs. (VER-318)
Warning:  ./layer_13_16_1_32.sv:438: unsigned to signed assignment occurs. (VER-318)
Warning:  ./layer_13_16_1_32.sv:439: unsigned to signed assignment occurs. (VER-318)
Warning:  ./layer_13_16_1_32.sv:440: unsigned to signed assignment occurs. (VER-318)
Warning:  ./layer_13_16_1_32.sv:441: unsigned to signed assignment occurs. (VER-318)
Warning:  ./layer_13_16_1_32.sv:442: unsigned to signed assignment occurs. (VER-318)
Warning:  ./layer_13_16_1_32.sv:443: unsigned to signed assignment occurs. (VER-318)
Warning:  ./layer_13_16_1_32.sv:445: unsigned to signed assignment occurs. (VER-318)
Warning:  ./layer_13_16_1_32.sv:450: unsigned to signed assignment occurs. (VER-318)
Warning:  ./layer_13_16_1_32.sv:452: unsigned to signed assignment occurs. (VER-318)
Warning:  ./layer_13_16_1_32.sv:453: unsigned to signed assignment occurs. (VER-318)
Warning:  ./layer_13_16_1_32.sv:455: unsigned to signed assignment occurs. (VER-318)
Warning:  ./layer_13_16_1_32.sv:456: unsigned to signed assignment occurs. (VER-318)
Warning:  ./layer_13_16_1_32.sv:457: unsigned to signed assignment occurs. (VER-318)
Warning:  ./layer_13_16_1_32.sv:459: unsigned to signed assignment occurs. (VER-318)
Warning:  ./layer_13_16_1_32.sv:460: unsigned to signed assignment occurs. (VER-318)
Warning:  ./layer_13_16_1_32.sv:461: unsigned to signed assignment occurs. (VER-318)
Warning:  ./layer_13_16_1_32.sv:462: unsigned to signed assignment occurs. (VER-318)
Warning:  ./layer_13_16_1_32.sv:463: unsigned to signed assignment occurs. (VER-318)
Warning:  ./layer_13_16_1_32.sv:464: unsigned to signed assignment occurs. (VER-318)
Warning:  ./layer_13_16_1_32.sv:466: unsigned to signed assignment occurs. (VER-318)

Statistics for case statements in always block at line 259 in file
	'./layer_13_16_1_32.sv'
===============================================
|           Line           |  full/ parallel  |
===============================================
|           260            |     no/auto      |
===============================================

Inferred memory devices in process
	in routine layer_13_16_1_32_W_rom_0 line 259 in file
		'./layer_13_16_1_32.sv'.
===============================================================================
|    Register Name    |   Type    | Width | Bus | MB | AR | AS | SR | SS | ST |
===============================================================================
|        z_reg        | Flip-flop |  32   |  Y  | N  | N  | N  | N  | N  | N  |
===============================================================================
Presto compilation completed successfully.
Information: Building the design 'layer_13_16_1_32_B_rom_0'. (HDL-193)
Warning:  ./layer_13_16_1_32.sv:480: unsigned to signed assignment occurs. (VER-318)
Warning:  ./layer_13_16_1_32.sv:481: unsigned to signed assignment occurs. (VER-318)
Warning:  ./layer_13_16_1_32.sv:483: unsigned to signed assignment occurs. (VER-318)
Warning:  ./layer_13_16_1_32.sv:484: unsigned to signed assignment occurs. (VER-318)
Warning:  ./layer_13_16_1_32.sv:485: unsigned to signed assignment occurs. (VER-318)
Warning:  ./layer_13_16_1_32.sv:487: unsigned to signed assignment occurs. (VER-318)
Warning:  ./layer_13_16_1_32.sv:491: unsigned to signed assignment occurs. (VER-318)

Statistics for case statements in always block at line 477 in file
	'./layer_13_16_1_32.sv'
===============================================
|           Line           |  full/ parallel  |
===============================================
|           478            |     no/auto      |
===============================================

Inferred memory devices in process
	in routine layer_13_16_1_32_B_rom_0 line 477 in file
		'./layer_13_16_1_32.sv'.
===============================================================================
|    Register Name    |   Type    | Width | Bus | MB | AR | AS | SR | SS | ST |
===============================================================================
|        z_reg        | Flip-flop |  32   |  Y  | N  | N  | N  | N  | N  | N  |
===============================================================================
Presto compilation completed successfully.
Information: Building the design 'part3_mac' instantiated from design 'layer_13_16_1_32' with
	the parameters "T=32,NUM_S=1,VEC_S=16". (HDL-193)
Warning:  ./layer_13_16_1_32.sv:617: signed to unsigned conversion occurs. (VER-318)
Warning:  ./layer_13_16_1_32.sv:618: signed to unsigned conversion occurs. (VER-318)
Warning:  ./layer_13_16_1_32.sv:537: signed to unsigned conversion occurs. (VER-318)

Inferred memory devices in process
	in routine part3_mac_T32_NUM_S1_VEC_S16 line 572 in file
		'./layer_13_16_1_32.sv'.
===============================================================================
|    Register Name    |   Type    | Width | Bus | MB | AR | AS | SR | SS | ST |
===============================================================================
|    enable_d_reg     | Flip-flop |   1   |  N  | N  | N  | N  | N  | N  | N  |
|      a_int_reg      | Flip-flop |  32   |  Y  | N  | N  | N  | N  | N  | N  |
|      b_int_reg      | Flip-flop |  32   |  Y  | N  | N  | N  | N  | N  | N  |
|      x_int_reg      | Flip-flop |  32   |  Y  | N  | N  | N  | N  | N  | N  |
===============================================================================

Inferred memory devices in process
	in routine part3_mac_T32_NUM_S1_VEC_S16 line 593 in file
		'./layer_13_16_1_32.sv'.
===============================================================================
|    Register Name    |   Type    | Width | Bus | MB | AR | AS | SR | SS | ST |
===============================================================================
|    enable_f_reg     | Flip-flop |   1   |  N  | N  | N  | N  | N  | N  | N  |
|      d_int_reg      | Flip-flop |  32   |  Y  | N  | N  | N  | N  | N  | N  |
===============================================================================

Inferred memory devices in process
	in routine part3_mac_T32_NUM_S1_VEC_S16 line 609 in file
		'./layer_13_16_1_32.sv'.
===============================================================================
|    Register Name    |   Type    | Width | Bus | MB | AR | AS | SR | SS | ST |
===============================================================================
|     vec_cnt_reg     | Flip-flop |   5   |  Y  | N  | N  | N  | N  | N  | N  |
|        f_reg        | Flip-flop |  32   |  Y  | N  | N  | N  | N  | N  | N  |
|    valid_out_reg    | Flip-flop |   1   |  N  | N  | N  | N  | N  | N  | N  |
===============================================================================

Inferred memory devices in process
	in routine part3_mac_T32_NUM_S1_VEC_S16 line 627 in file
		'./layer_13_16_1_32.sv'.
===============================================================================
|    Register Name    |   Type    | Width | Bus | MB | AR | AS | SR | SS | ST |
===============================================================================
|    overflow_reg     | Flip-flop |   1   |  N  | N  | N  | N  | N  | N  | N  |
===============================================================================
Presto compilation completed successfully.
1
###### CLOCKS AND PORTS #######
set CLK_PORT [get_ports $CLK_NAME]
{clk}
set TMP1 [remove_from_collection [all_inputs] $CLK_PORT]
{reset s_valid m_ready data_in[31] data_in[30] data_in[29] data_in[28] data_in[27] data_in[26] data_in[25] data_in[24] data_in[23] data_in[22] data_in[21] data_in[20] data_in[19] data_in[18] data_in[17] data_in[16] data_in[15] data_in[14] data_in[13] data_in[12] data_in[11] data_in[10] data_in[9] data_in[8] data_in[7] data_in[6] data_in[5] data_in[4] data_in[3] data_in[2] data_in[1] data_in[0]}
set INPUTS [remove_from_collection $TMP1 $RST_NAME]
{s_valid m_ready data_in[31] data_in[30] data_in[29] data_in[28] data_in[27] data_in[26] data_in[25] data_in[24] data_in[23] data_in[22] data_in[21] data_in[20] data_in[19] data_in[18] data_in[17] data_in[16] data_in[15] data_in[14] data_in[13] data_in[12] data_in[11] data_in[10] data_in[9] data_in[8] data_in[7] data_in[6] data_in[5] data_in[4] data_in[3] data_in[2] data_in[1] data_in[0]}
create_clock -period $CLK_PERIOD [get_ports clk]
1
# set delay for inputs to be 0.2ns
set_input_delay 0.2 -max -clock clk $INPUTS
1
set_output_delay 0.2 -max -clock clk [all_outputs]
1
###### OPTIMIZATION #######
set_max_area 0 
1
###### RUN #####
compile_ultra
Information: Performing power optimization. (PWR-850)
Alib files are up-to-date.
Information: Evaluating DesignWare library utilization. (UISN-27)

============================================================================
| DesignWare Building Block Library  |         Version         | Available |
============================================================================
| Basic DW Building Blocks           | J-2014.09-DWBB_201409.5.2 |   *     |
| Licensed DW Building Blocks        | J-2014.09-DWBB_201409.5.2 |   *     |
============================================================================

Information: Sequential output inversion is enabled.  SVF file must be used for formal verification. (OPT-1208)

Information: There are 11 potential problems in your design. Please run 'check_design' for more information. (LINT-99)


Loaded alib file './alib-52/NangateOpenCellLibrary_typical.db.alib'
  Building model 'DW01_NAND2'
Information: Ungrouping hierarchy u_vec_x_mem_0 before Pass 1 (OPT-776)
Information: Ungrouping hierarchy u_b_rom_0 before Pass 1 (OPT-776)
Information: Ungrouping hierarchy u_mac_0 before Pass 1 (OPT-776)
Information: Ungrouping 3 of 5 hierarchies before Pass 1 (OPT-775)
Information: State dependent leakage is now switched from on to off.

  Beginning Pass 1 Mapping
  ------------------------
  Processing 'layer_13_16_1_32'
Information: Added key list 'DesignWare' to design 'layer_13_16_1_32'. (DDB-72)
Information: The register 'state_reg[1]' is a constant and will be removed. (OPT-1206)
Information: In design 'layer_13_16_1_32', the register 'u_b_rom_0/z_reg[30]' is removed because it is merged to 'u_b_rom_0/z_reg[31]'. (OPT-1215)
Information: In design 'layer_13_16_1_32', the register 'u_b_rom_0/z_reg[29]' is removed because it is merged to 'u_b_rom_0/z_reg[31]'. (OPT-1215)
Information: In design 'layer_13_16_1_32', the register 'u_b_rom_0/z_reg[28]' is removed because it is merged to 'u_b_rom_0/z_reg[31]'. (OPT-1215)
Information: In design 'layer_13_16_1_32', the register 'u_b_rom_0/z_reg[27]' is removed because it is merged to 'u_b_rom_0/z_reg[31]'. (OPT-1215)
Information: In design 'layer_13_16_1_32', the register 'u_b_rom_0/z_reg[26]' is removed because it is merged to 'u_b_rom_0/z_reg[31]'. (OPT-1215)
Information: In design 'layer_13_16_1_32', the register 'u_b_rom_0/z_reg[25]' is removed because it is merged to 'u_b_rom_0/z_reg[31]'. (OPT-1215)
Information: In design 'layer_13_16_1_32', the register 'u_b_rom_0/z_reg[24]' is removed because it is merged to 'u_b_rom_0/z_reg[31]'. (OPT-1215)
Information: In design 'layer_13_16_1_32', the register 'u_b_rom_0/z_reg[23]' is removed because it is merged to 'u_b_rom_0/z_reg[31]'. (OPT-1215)
Information: In design 'layer_13_16_1_32', the register 'u_b_rom_0/z_reg[22]' is removed because it is merged to 'u_b_rom_0/z_reg[31]'. (OPT-1215)
Information: In design 'layer_13_16_1_32', the register 'u_b_rom_0/z_reg[21]' is removed because it is merged to 'u_b_rom_0/z_reg[31]'. (OPT-1215)
Information: In design 'layer_13_16_1_32', the register 'u_b_rom_0/z_reg[20]' is removed because it is merged to 'u_b_rom_0/z_reg[31]'. (OPT-1215)
Information: In design 'layer_13_16_1_32', the register 'u_b_rom_0/z_reg[19]' is removed because it is merged to 'u_b_rom_0/z_reg[31]'. (OPT-1215)
Information: In design 'layer_13_16_1_32', the register 'u_b_rom_0/z_reg[18]' is removed because it is merged to 'u_b_rom_0/z_reg[31]'. (OPT-1215)
Information: In design 'layer_13_16_1_32', the register 'u_b_rom_0/z_reg[17]' is removed because it is merged to 'u_b_rom_0/z_reg[31]'. (OPT-1215)
Information: In design 'layer_13_16_1_32', the register 'u_b_rom_0/z_reg[16]' is removed because it is merged to 'u_b_rom_0/z_reg[31]'. (OPT-1215)
Information: In design 'layer_13_16_1_32', the register 'u_b_rom_0/z_reg[15]' is removed because it is merged to 'u_b_rom_0/z_reg[31]'. (OPT-1215)
 Implement Synthetic for 'layer_13_16_1_32'.
  Processing 'layer_13_16_1_32_W_rom_0'
Information: In design 'layer_13_16_1_32_W_rom_0', the register 'z_reg[16]' is removed because it is merged to 'z_reg[15]'. (OPT-1215)
Information: In design 'layer_13_16_1_32_W_rom_0', the register 'z_reg[17]' is removed because it is merged to 'z_reg[15]'. (OPT-1215)
Information: In design 'layer_13_16_1_32_W_rom_0', the register 'z_reg[18]' is removed because it is merged to 'z_reg[15]'. (OPT-1215)
Information: In design 'layer_13_16_1_32_W_rom_0', the register 'z_reg[19]' is removed because it is merged to 'z_reg[15]'. (OPT-1215)
Information: In design 'layer_13_16_1_32_W_rom_0', the register 'z_reg[20]' is removed because it is merged to 'z_reg[15]'. (OPT-1215)
Information: In design 'layer_13_16_1_32_W_rom_0', the register 'z_reg[21]' is removed because it is merged to 'z_reg[15]'. (OPT-1215)
Information: In design 'layer_13_16_1_32_W_rom_0', the register 'z_reg[22]' is removed because it is merged to 'z_reg[15]'. (OPT-1215)
Information: In design 'layer_13_16_1_32_W_rom_0', the register 'z_reg[23]' is removed because it is merged to 'z_reg[15]'. (OPT-1215)
Information: In design 'layer_13_16_1_32_W_rom_0', the register 'z_reg[24]' is removed because it is merged to 'z_reg[15]'. (OPT-1215)
Information: In design 'layer_13_16_1_32_W_rom_0', the register 'z_reg[25]' is removed because it is merged to 'z_reg[15]'. (OPT-1215)
Information: In design 'layer_13_16_1_32_W_rom_0', the register 'z_reg[26]' is removed because it is merged to 'z_reg[15]'. (OPT-1215)
Information: In design 'layer_13_16_1_32_W_rom_0', the register 'z_reg[27]' is removed because it is merged to 'z_reg[15]'. (OPT-1215)
Information: In design 'layer_13_16_1_32_W_rom_0', the register 'z_reg[28]' is removed because it is merged to 'z_reg[15]'. (OPT-1215)
Information: In design 'layer_13_16_1_32_W_rom_0', the register 'z_reg[29]' is removed because it is merged to 'z_reg[15]'. (OPT-1215)
Information: In design 'layer_13_16_1_32_W_rom_0', the register 'z_reg[30]' is removed because it is merged to 'z_reg[15]'. (OPT-1215)
Information: In design 'layer_13_16_1_32_W_rom_0', the register 'z_reg[31]' is removed because it is merged to 'z_reg[15]'. (OPT-1215)
 Implement Synthetic for 'layer_13_16_1_32_W_rom_0'.

  Updating timing information
Information: Updating design information... (UID-85)

  Beginning Mapping Optimizations  (Ultra High effort)
  -------------------------------
  Mapping Optimization (Phase 1)
Information: The register 'u_mac_0/vec_cnt_reg[4]' is a constant and will be removed. (OPT-1206)
Information: The register 'ram_x_wr_addr_reg[4]' is a constant and will be removed. (OPT-1206)
Information: The register 'ram_x_rd_addr_reg[0][4]' is a constant and will be removed. (OPT-1206)

                                  TOTAL                                                
   ELAPSED            WORST NEG   SETUP    DESIGN                              LEAKAGE 
    TIME      AREA      SLACK     COST    RULE COST         ENDPOINT            POWER  
  --------- --------- --------- --------- --------- ------------------------- ---------
    0:00:12    9887.0      0.46       3.1      15.6                           222603.6719
    0:00:12    9887.0      0.46       3.1      15.6                           222603.6719
    0:00:12    9887.0      0.46       3.1      15.6                           222603.6719
    0:00:12    9885.4      0.46       3.1      15.6                           222530.8125
  Re-synthesis Optimization (Phase 1)
  Re-synthesis Optimization (Phase 2)
  Global Optimization (Phase 1)
  Global Optimization (Phase 2)
  Global Optimization (Phase 3)
  Global Optimization (Phase 4)
  Global Optimization (Phase 5)
  Global Optimization (Phase 6)
  Global Optimization (Phase 7)
  Global Optimization (Phase 8)
  Global Optimization (Phase 9)
  Global Optimization (Phase 10)
  Global Optimization (Phase 11)
  Global Optimization (Phase 12)
  Global Optimization (Phase 13)
  Global Optimization (Phase 14)
  Global Optimization (Phase 15)
  Global Optimization (Phase 16)
  Global Optimization (Phase 17)
  Global Optimization (Phase 18)
  Global Optimization (Phase 19)
  Global Optimization (Phase 20)
  Global Optimization (Phase 21)
  Global Optimization (Phase 22)
  Global Optimization (Phase 23)
  Global Optimization (Phase 24)
  Global Optimization (Phase 25)
  Global Optimization (Phase 26)
  Global Optimization (Phase 27)
  Global Optimization (Phase 28)
  Global Optimization (Phase 29)
  Global Optimization (Phase 30)
  Global Optimization (Phase 31)
  Mapping 'layer_13_16_1_32_DW_mult_uns_1'
    0:00:16    8850.1      0.03       0.1       4.7                           183955.8594



  Beginning Delay Optimization Phase
  ----------------------------------

                                  TOTAL                                                
   ELAPSED            WORST NEG   SETUP    DESIGN                              LEAKAGE 
    TIME      AREA      SLACK     COST    RULE COST         ENDPOINT            POWER  
  --------- --------- --------- --------- --------- ------------------------- ---------
    0:00:16    8850.1      0.03       0.1       4.7                           183955.8594
    0:00:16    8850.1      0.03       0.1       4.7                           183955.8594
    0:00:16    8851.9      0.03       0.1       4.7                           184067.9062
    0:00:17    8851.9      0.03       0.1       4.7                           184067.9062
    0:00:17    8862.9      0.00       0.0       4.7                           184371.2031
    0:00:17    8862.9      0.00       0.0       4.7                           184371.2031
    0:00:17    8862.9      0.00       0.0       4.7                           184371.2031
    0:00:17    8862.9      0.00       0.0       4.7                           184371.2031
    0:00:17    8862.9      0.00       0.0       4.7                           184371.2031
    0:00:17    8862.9      0.00       0.0       4.7                           184371.2031
    0:00:17    8862.9      0.00       0.0       4.7                           184371.2031
    0:00:17    8862.9      0.00       0.0       4.7                           184371.2031
    0:00:17    8862.9      0.00       0.0       4.7                           184371.2031

  Beginning Delay Optimization
  ----------------------------
    0:00:17    8862.9      0.00       0.0       4.7                           184371.2031
    0:00:17    8862.9      0.00       0.0       4.7                           184371.2031
    0:00:17    8862.9      0.00       0.0       4.7                           184371.2031
    0:00:17    8862.9      0.00       0.0       4.7                           184371.2031
    0:00:17    8862.9      0.00       0.0       4.7                           184371.2031
    0:00:17    8862.9      0.00       0.0       4.7                           184371.2031
    0:00:17    8862.9      0.00       0.0       4.7                           184371.2031
    0:00:17    8862.9      0.00       0.0       4.7                           184371.2031


  Beginning Design Rule Fixing  (max_capacitance)
  ----------------------------

                                  TOTAL                                                
   ELAPSED            WORST NEG   SETUP    DESIGN                              LEAKAGE 
    TIME      AREA      SLACK     COST    RULE COST         ENDPOINT            POWER  
  --------- --------- --------- --------- --------- ------------------------- ---------
    0:00:17    8862.9      0.00       0.0       4.7                           184371.2031
  Global Optimization (Phase 32)
  Global Optimization (Phase 33)
  Global Optimization (Phase 34)
    0:00:17    8865.8      0.00       0.0       0.0                           184495.3281
    0:00:17    8865.8      0.00       0.0       0.0                           184495.3281

                                  TOTAL                                                
   ELAPSED            WORST NEG   SETUP    DESIGN                              LEAKAGE 
    TIME      AREA      SLACK     COST    RULE COST         ENDPOINT            POWER  
  --------- --------- --------- --------- --------- ------------------------- ---------
    0:00:17    8865.8      0.00       0.0       0.0                           184495.3281
    0:00:17    8862.1      0.00       0.0       0.0                           184394.8594


  Beginning Leakage Power Optimization  (max_leakage_power 0)
  ------------------------------------

                                  TOTAL                                                
   ELAPSED            WORST NEG   SETUP    DESIGN                              LEAKAGE 
    TIME      AREA      SLACK     COST    RULE COST         ENDPOINT            POWER  
  --------- --------- --------- --------- --------- ------------------------- ---------
    0:00:18    8859.7      0.00       0.0       0.0                           184354.1250
  Global Optimization (Phase 35)
  Global Optimization (Phase 36)
  Global Optimization (Phase 37)
  Global Optimization (Phase 38)
  Global Optimization (Phase 39)
  Global Optimization (Phase 40)
  Global Optimization (Phase 41)
  Global Optimization (Phase 42)
  Global Optimization (Phase 43)
  Global Optimization (Phase 44)
  Global Optimization (Phase 45)
  Global Optimization (Phase 46)
  Global Optimization (Phase 47)
    0:00:18    8806.7      0.00       0.0       0.0                           182302.5625
    0:00:18    8806.7      0.00       0.0       0.0                           182302.5625
    0:00:18    8806.7      0.00       0.0       0.0                           182302.5625
    0:00:19    8806.7      0.00       0.0       0.0                           182302.5625
    0:00:19    8806.7      0.00       0.0       0.0                           182302.5625
    0:00:19    8806.7      0.00       0.0       0.0                           182302.5625
    0:00:19    8806.7      0.00       0.0       0.0                           182302.5625
    0:00:19    8806.7      0.00       0.0       0.0                           182302.5625
    0:00:19    8806.7      0.00       0.0       0.0                           182302.5625
    0:00:19    8806.7      0.00       0.0       0.0                           182302.5625
    0:00:19    8806.7      0.00       0.0       0.0                           182302.5625
    0:00:19    8806.7      0.00       0.0       0.0                           182302.5625
    0:00:19    8806.7      0.00       0.0       0.0                           182302.5625
    0:00:19    8806.7      0.00       0.0       0.0                           182302.5625
    0:00:19    8806.7      0.00       0.0       0.0                           182302.5625
    0:00:19    8806.7      0.00       0.0       0.0                           182302.5625
    0:00:19    8806.7      0.00       0.0       0.0                           182302.5625
    0:00:19    8806.7      0.00       0.0       0.0                           182302.5625
    0:00:19    8806.7      0.00       0.0       0.0                           182302.5625
    0:00:19    8806.7      0.00       0.0       0.0                           182302.5625
    0:00:19    8806.7      0.00       0.0       0.0                           182302.5625
    0:00:19    8806.7      0.00       0.0       0.0                           182302.5625

                                  TOTAL                                                
   ELAPSED            WORST NEG   SETUP    DESIGN                              LEAKAGE 
    TIME      AREA      SLACK     COST    RULE COST         ENDPOINT            POWER  
  --------- --------- --------- --------- --------- ------------------------- ---------
    0:00:19    8806.7      0.00       0.0       0.0                           182302.5625
    0:00:19    8802.7      0.00       0.0       0.0                           182344.0469
    0:00:19    8802.7      0.00       0.0       0.0                           182344.0469
    0:00:19    8802.7      0.00       0.0       0.0                           182344.0469
    0:00:19    8802.7      0.00       0.0       0.0                           182344.0469
    0:00:20    8793.4      0.00       0.0       0.0                           181969.5625
    0:00:20    8793.4      0.00       0.0       0.0                           181969.5625
    0:00:20    8792.6      0.00       0.0       0.0                           181942.4219
Loading db file '/home/home4/pmilder/ese507/synthesis/lib/NangateOpenCellLibrary_typical.db'


Note: Symbol # after min delay cost means estimated hold TNS across all active scenarios 


  Optimization Complete
  ---------------------
Information: State dependent leakage is now switched from off to on.
Information: Propagating switching activity (low effort zero delay simulation). (PWR-6)
1
report_area
 
****************************************
Report : area
Design : layer_13_16_1_32
Version: J-2014.09-SP5-2
Date   : Sat Nov 25 16:47:41 2017
****************************************

Information: Updating design information... (UID-85)
Library(s) Used:

    NangateOpenCellLibrary (File: /home/home4/pmilder/ese507/synthesis/lib/NangateOpenCellLibrary_typical.db)

Number of ports:                           70
Number of nets:                          4863
Number of cells:                         4490
Number of combinational cells:           3720
Number of sequential cells:               769
Number of macros/black boxes:               0
Number of buf/inv:                        923
Number of references:                      40

Combinational area:               5242.328047
Buf/Inv area:                      571.368004
Noncombinational area:            3550.301871
Macro/Black Box area:                0.000000
Net Interconnect area:      undefined  (Wire load has zero net area)

Total cell area:                  8792.629919
Total area:                 undefined
1
report_power
 
****************************************
Report : power
        -analysis_effort low
Design : layer_13_16_1_32
Version: J-2014.09-SP5-2
Date   : Sat Nov 25 16:47:42 2017
****************************************


Library(s) Used:

    NangateOpenCellLibrary (File: /home/home4/pmilder/ese507/synthesis/lib/NangateOpenCellLibrary_typical.db)


Operating Conditions: typical   Library: NangateOpenCellLibrary
Wire Load Model Mode: top

Design        Wire Load Model            Library
------------------------------------------------
layer_13_16_1_32       5K_hvratio_1_1    NangateOpenCellLibrary


Global Operating Voltage = 1.1  
Power-specific unit information :
    Voltage Units = 1V
    Capacitance Units = 1.000000ff
    Time Units = 1ns
    Dynamic Power Units = 1uW    (derived from V,C,T units)
    Leakage Power Units = 1nW


  Cell Internal Power  =   2.5999 mW   (93%)
  Net Switching Power  = 188.0812 uW    (7%)
                         ---------
Total Dynamic Power    =   2.7879 mW  (100%)

Cell Leakage Power     = 185.2691 uW


                 Internal         Switching           Leakage            Total
Power Group      Power            Power               Power              Power   (   %    )  Attrs
--------------------------------------------------------------------------------------------------
io_pad             0.0000            0.0000            0.0000            0.0000  (   0.00%)
memory             0.0000            0.0000            0.0000            0.0000  (   0.00%)
black_box          0.0000            0.0000            0.0000            0.0000  (   0.00%)
clock_network      0.0000            0.0000            0.0000            0.0000  (   0.00%)
register       2.4948e+03           27.0280        6.1524e+04        2.5833e+03  (  86.89%)
sequential         0.0000            0.0000            0.0000            0.0000  (   0.00%)
combinational    105.0955          161.0532        1.2374e+05          389.8935  (  13.11%)
--------------------------------------------------------------------------------------------------
Total          2.5999e+03 uW       188.0812 uW     1.8527e+05 nW     2.9732e+03 uW
1
report_timing
 
****************************************
Report : timing
        -path full
        -delay max
        -max_paths 1
Design : layer_13_16_1_32
Version: J-2014.09-SP5-2
Date   : Sat Nov 25 16:47:42 2017
****************************************

Operating Conditions: typical   Library: NangateOpenCellLibrary
Wire Load Model Mode: top

  Startpoint: u_mac_0/a_int_reg[19]
              (rising edge-triggered flip-flop clocked by clk)
  Endpoint: u_mac_0/d_int_reg[30]
            (rising edge-triggered flip-flop clocked by clk)
  Path Group: clk
  Path Type: max

  Des/Clust/Port     Wire Load Model       Library
  ------------------------------------------------
  layer_13_16_1_32   5K_hvratio_1_1        NangateOpenCellLibrary

  Point                                    Incr       Path
  -----------------------------------------------------------
  clock clk (rise edge)                    0.00       0.00
  clock network delay (ideal)              0.00       0.00
  u_mac_0/a_int_reg[19]/CK (DFF_X1)        0.00       0.00 r
  u_mac_0/a_int_reg[19]/Q (DFF_X1)         0.20       0.20 r
  U2153/ZN (XNOR2_X1)                      0.10       0.30 r
  U2123/Z (BUF_X1)                         0.10       0.39 r
  U2427/ZN (OAI22_X1)                      0.06       0.45 f
  U2459/CO (FA_X1)                         0.11       0.56 f
  U2434/CO (FA_X1)                         0.09       0.65 f
  U2463/CO (FA_X1)                         0.10       0.75 f
  U2464/CO (FA_X1)                         0.09       0.84 f
  U2468/S (FA_X1)                          0.13       0.98 r
  U2511/S (FA_X1)                          0.11       1.09 f
  U2466/ZN (NAND2_X1)                      0.04       1.13 r
  U2467/ZN (INV_X1)                        0.03       1.16 f
  U2514/ZN (NAND2_X1)                      0.03       1.19 r
  U2516/ZN (NAND2_X1)                      0.03       1.22 f
  U3207/ZN (NAND2_X1)                      0.03       1.25 r
  U3211/ZN (NAND2_X1)                      0.03       1.28 f
  U3303/ZN (AOI21_X1)                      0.04       1.33 r
  U3304/ZN (OAI21_X1)                      0.04       1.36 f
  U3305/ZN (XNOR2_X1)                      0.05       1.42 f
  U3307/ZN (OAI21_X1)                      0.04       1.46 r
  u_mac_0/d_int_reg[30]/D (DFF_X1)         0.01       1.47 r
  data arrival time                                   1.47

  clock clk (rise edge)                    1.50       1.50
  clock network delay (ideal)              0.00       1.50
  u_mac_0/d_int_reg[30]/CK (DFF_X1)        0.00       1.50 r
  library setup time                      -0.03       1.47
  data required time                                  1.47
  -----------------------------------------------------------
  data required time                                  1.47
  data arrival time                                  -1.47
  -----------------------------------------------------------
  slack (MET)                                         0.00


1
write -f verilog $TOP_MOD_NAME -output gates.v -hierarchy
Writing verilog file '/home/home5/aahangar/proj3/part2/gates.v'.
Warning: Verilog writer has added 16 nets to module layer_13_16_1_32 using SYNOPSYS_UNCONNECTED_ as prefix.  Please use the change_names command to make the correct changes before invoking the verilog writer.  (VO-11)
Warning: Verilog 'assign' or 'tran' statements are written out. (VO-4)
1
quit

Thank you...
